Archive member included to satisfy reference by file (symbol)

/home/luis/tools/riscv/riscv32-unknown-elf/lib/libc_nano.a(lib_a-atexit.o)
                              /tmp/ccnvJOfw.o (atexit)
/home/luis/tools/riscv/riscv32-unknown-elf/lib/libc_nano.a(lib_a-exit.o)
                              /tmp/ccnvJOfw.o (exit)
/home/luis/tools/riscv/riscv32-unknown-elf/lib/libc_nano.a(lib_a-fini.o)
                              /tmp/ccnvJOfw.o (__libc_fini_array)
/home/luis/tools/riscv/riscv32-unknown-elf/lib/libc_nano.a(lib_a-impure.o)
                              /home/luis/tools/riscv/riscv32-unknown-elf/lib/libc_nano.a(lib_a-exit.o) (_global_impure_ptr)
/home/luis/tools/riscv/riscv32-unknown-elf/lib/libc_nano.a(lib_a-init.o)
                              /tmp/ccnvJOfw.o (__libc_init_array)
/home/luis/tools/riscv/riscv32-unknown-elf/lib/libc_nano.a(lib_a-memset.o)
                              /tmp/ccnvJOfw.o (memset)
/home/luis/tools/riscv/riscv32-unknown-elf/lib/libc_nano.a(lib_a-puts.o)
                              /tmp/cceb0BYz.o (puts)
/home/luis/tools/riscv/riscv32-unknown-elf/lib/libc_nano.a(lib_a-reent.o)
                              /tmp/ccvmHUVn.o (symbol from plugin) (errno)
/home/luis/tools/riscv/riscv32-unknown-elf/lib/libc_nano.a(lib_a-wbuf.o)
                              /home/luis/tools/riscv/riscv32-unknown-elf/lib/libc_nano.a(lib_a-puts.o) (__swbuf_r)
/home/luis/tools/riscv/riscv32-unknown-elf/lib/libc_nano.a(lib_a-wsetup.o)
                              /home/luis/tools/riscv/riscv32-unknown-elf/lib/libc_nano.a(lib_a-puts.o) (__swsetup_r)
/home/luis/tools/riscv/riscv32-unknown-elf/lib/libc_nano.a(lib_a-__atexit.o)
                              /home/luis/tools/riscv/riscv32-unknown-elf/lib/libc_nano.a(lib_a-atexit.o) (__register_exitproc)
/home/luis/tools/riscv/riscv32-unknown-elf/lib/libc_nano.a(lib_a-__call_atexit.o)
                              /home/luis/tools/riscv/riscv32-unknown-elf/lib/libc_nano.a(lib_a-__atexit.o) (__call_exitprocs)
/home/luis/tools/riscv/riscv32-unknown-elf/lib/libc_nano.a(lib_a-fflush.o)
                              /home/luis/tools/riscv/riscv32-unknown-elf/lib/libc_nano.a(lib_a-wbuf.o) (_fflush_r)
/home/luis/tools/riscv/riscv32-unknown-elf/lib/libc_nano.a(lib_a-findfp.o)
                              /home/luis/tools/riscv/riscv32-unknown-elf/lib/libc_nano.a(lib_a-puts.o) (__sinit)
/home/luis/tools/riscv/riscv32-unknown-elf/lib/libc_nano.a(lib_a-fwalk.o)
                              /home/luis/tools/riscv/riscv32-unknown-elf/lib/libc_nano.a(lib_a-findfp.o) (_fwalk)
/home/luis/tools/riscv/riscv32-unknown-elf/lib/libc_nano.a(lib_a-makebuf.o)
                              /home/luis/tools/riscv/riscv32-unknown-elf/lib/libc_nano.a(lib_a-wsetup.o) (__smakebuf_r)
/home/luis/tools/riscv/riscv32-unknown-elf/lib/libc_nano.a(lib_a-nano-freer.o)
                              /home/luis/tools/riscv/riscv32-unknown-elf/lib/libc_nano.a(lib_a-reent.o) (_free_r)
/home/luis/tools/riscv/riscv32-unknown-elf/lib/libc_nano.a(lib_a-nano-mallocr.o)
                              /home/luis/tools/riscv/riscv32-unknown-elf/lib/libc_nano.a(lib_a-findfp.o) (_malloc_r)
/home/luis/tools/riscv/riscv32-unknown-elf/lib/libc_nano.a(lib_a-sbrkr.o)
                              /home/luis/tools/riscv/riscv32-unknown-elf/lib/libc_nano.a(lib_a-nano-mallocr.o) (_sbrk_r)
/home/luis/tools/riscv/riscv32-unknown-elf/lib/libc_nano.a(lib_a-stdio.o)
                              /home/luis/tools/riscv/riscv32-unknown-elf/lib/libc_nano.a(lib_a-findfp.o) (__sread)
/home/luis/tools/riscv/riscv32-unknown-elf/lib/libc_nano.a(lib_a-writer.o)
                              /home/luis/tools/riscv/riscv32-unknown-elf/lib/libc_nano.a(lib_a-stdio.o) (_write_r)
/home/luis/tools/riscv/riscv32-unknown-elf/lib/libc_nano.a(lib_a-closer.o)
                              /home/luis/tools/riscv/riscv32-unknown-elf/lib/libc_nano.a(lib_a-stdio.o) (_close_r)
/home/luis/tools/riscv/riscv32-unknown-elf/lib/libc_nano.a(lib_a-fstatr.o)
                              /home/luis/tools/riscv/riscv32-unknown-elf/lib/libc_nano.a(lib_a-makebuf.o) (_fstat_r)
/home/luis/tools/riscv/riscv32-unknown-elf/lib/libc_nano.a(lib_a-isattyr.o)
                              /home/luis/tools/riscv/riscv32-unknown-elf/lib/libc_nano.a(lib_a-makebuf.o) (_isatty_r)
/home/luis/tools/riscv/riscv32-unknown-elf/lib/libc_nano.a(lib_a-lseekr.o)
                              /home/luis/tools/riscv/riscv32-unknown-elf/lib/libc_nano.a(lib_a-stdio.o) (_lseek_r)
/home/luis/tools/riscv/riscv32-unknown-elf/lib/libc_nano.a(lib_a-mlock.o)
                              /home/luis/tools/riscv/riscv32-unknown-elf/lib/libc_nano.a(lib_a-nano-freer.o) (__malloc_lock)
/home/luis/tools/riscv/riscv32-unknown-elf/lib/libc_nano.a(lib_a-readr.o)
                              /home/luis/tools/riscv/riscv32-unknown-elf/lib/libc_nano.a(lib_a-stdio.o) (_read_r)
/home/luis/tools/riscv/riscv32-unknown-elf/lib/libc_nano.a(lib_a-memcpy-asm.o)
                              /tmp/cch2pXIU.ltrans0.ltrans.o (memcpy)
/home/luis/tools/riscv/riscv32-unknown-elf/lib/libc_nano.a(lib_a-printf.o)
                              /tmp/cch2pXIU.ltrans0.ltrans.o (printf)
/home/luis/tools/riscv/riscv32-unknown-elf/lib/libc_nano.a(lib_a-nano-vfprintf.o)
                              /home/luis/tools/riscv/riscv32-unknown-elf/lib/libc_nano.a(lib_a-printf.o) (_vfprintf_r)
/home/luis/tools/riscv/riscv32-unknown-elf/lib/libc_nano.a(lib_a-fvwrite.o)
                              /home/luis/tools/riscv/riscv32-unknown-elf/lib/libc_nano.a(lib_a-nano-vfprintf.o) (__sfvwrite_r)
/home/luis/tools/riscv/riscv32-unknown-elf/lib/libc_nano.a(lib_a-memchr.o)
                              /home/luis/tools/riscv/riscv32-unknown-elf/lib/libc_nano.a(lib_a-nano-vfprintf.o) (memchr)
/home/luis/tools/riscv/riscv32-unknown-elf/lib/libc_nano.a(lib_a-memmove.o)
                              /home/luis/tools/riscv/riscv32-unknown-elf/lib/libc_nano.a(lib_a-fvwrite.o) (memmove)
/home/luis/tools/riscv/riscv32-unknown-elf/lib/libc_nano.a(lib_a-nano-reallocr.o)
                              /home/luis/tools/riscv/riscv32-unknown-elf/lib/libc_nano.a(lib_a-fvwrite.o) (_realloc_r)
/home/luis/tools/riscv/riscv32-unknown-elf/lib/libc_nano.a(lib_a-nano-vfprintf_i.o)
                              /home/luis/tools/riscv/riscv32-unknown-elf/lib/libc_nano.a(lib_a-nano-vfprintf.o) (_printf_i)
/home/luis/tools/riscv/riscv32-unknown-elf/lib/libc_nano.a(lib_a-nano-msizer.o)
                              /home/luis/tools/riscv/riscv32-unknown-elf/lib/libc_nano.a(lib_a-nano-reallocr.o) (_malloc_usable_size_r)
/home/luis/tools/riscv/lib/gcc/riscv32-unknown-elf/11.1.0/libgcc.a(_divdi3.o)
                              /tmp/cch2pXIU.ltrans0.ltrans.o (__divdi3)
/home/luis/tools/riscv/lib/gcc/riscv32-unknown-elf/11.1.0/libgcc.a(_udivdi3.o)
                              /tmp/cch2pXIU.ltrans0.ltrans.o (__udivdi3)
/home/luis/tools/riscv/lib/gcc/riscv32-unknown-elf/11.1.0/libgcc.a(_clz.o)
                              /home/luis/tools/riscv/lib/gcc/riscv32-unknown-elf/11.1.0/libgcc.a(_divdi3.o) (__clz_tab)

Memory Configuration

Name             Origin             Length             Attributes
ram0             0x00000000f0100000 0x0000000000008000 axrwl
ram1             0x00000000f0108000 0x0000000000008000 axrwl
*default*        0x0000000000000000 0xffffffffffffffff

Linker script and memory map

LOAD /tmp/ccnvJOfw.o
LOAD /tmp/cceb0BYz.o
LOAD /tmp/cczZL7b1.o
LOAD /tmp/cch2pXIU.ltrans0.ltrans.o
LOAD /tmp/ccPR1s31.debug.temp.o
LOAD /tmp/ccf1eyCs.debug.temp.o
LOAD /tmp/ccgshkaI.debug.temp.o
LOAD /tmp/cc3MbZPw.debug.temp.o
LOAD /tmp/cc9M5OIP.debug.temp.o
LOAD /tmp/ccqWACYW.debug.temp.o
LOAD /tmp/cc0yieSl.debug.temp.o
LOAD /tmp/ccflk2dy.debug.temp.o
LOAD /tmp/ccCGVBvU.debug.temp.o
LOAD /tmp/cccKt0cO.debug.temp.o
LOAD /tmp/ccfdP905.debug.temp.o
LOAD /tmp/ccTCAaj2.debug.temp.o
LOAD /tmp/ccxhhKgo.debug.temp.o
LOAD /tmp/cctDrfJF.debug.temp.o
LOAD /tmp/ccsnAgmQ.debug.temp.o
LOAD /tmp/ccS0MxeV.debug.temp.o
LOAD /tmp/cccUKSTA.debug.temp.o
LOAD /tmp/ccuOzGY1.debug.temp.o
LOAD /tmp/ccfLZQcb.debug.temp.o
LOAD /tmp/cck3pZNV.debug.temp.o
LOAD /tmp/ccRmL2AN.debug.temp.o
LOAD /tmp/ccXaNbHe.o
LOAD /tmp/cc8G856J.o
LOAD /tmp/ccpEEMMj.o
LOAD /tmp/cc1jBdSg.o
LOAD /tmp/ccTujx7O.o
LOAD /tmp/cc8vG6R0.o
LOAD /tmp/cc6JULZf.o
LOAD /tmp/ccUZt1je.o
LOAD /tmp/cc8RUrGD.o
LOAD /tmp/cc5dM8Ym.o
LOAD /tmp/ccfnNJi6.o
LOAD /tmp/ccAZU0gL.o
LOAD /tmp/ccqrqv1H.o
LOAD /tmp/ccyptykh.o
LOAD /tmp/cc9ZFoKQ.o
LOAD /tmp/ccHSYyD3.o
LOAD /tmp/ccO0mvi0.o
LOAD /tmp/ccIos4IU.o
LOAD /tmp/cchRKkN9.o
LOAD /tmp/ccvmHUVn.o
LOAD /home/luis/tools/riscv/riscv32-unknown-elf/lib/libc_nano.a
LOAD /home/luis/tools/riscv/riscv32-unknown-elf/lib/libm_nano.a
LOAD /home/luis/tools/riscv/lib/gcc/riscv32-unknown-elf/11.1.0/libgcc.a
LOAD CMakeFiles/main.elf.dir/applications/TMR_Safe_CPU/main.c.obj
                0x00000000f0100180                PROVIDE (__boot_address = 0xf0100180)
                0x0000000000000800                __stack_size = DEFINED (__stack_size)?__stack_size:0x800
                [!provide]                        PROVIDE (__stack_size = __stack_size)
                0x0000000000000800                __heap_size = DEFINED (__heap_size)?__heap_size:0x800
                [!provide]                        PROVIDE (__executable_start = SEGMENT_START ("text-segment", 0x10000))
                0x0000000000010094                . = (SEGMENT_START ("text-segment", 0x10000) + SIZEOF_HEADERS)

.vectors        0x00000000f0100000      0x104
                0x00000000f0100000                PROVIDE (__vector_start = .)
 *(.vectors)
 .vectors       0x00000000f0100000      0x104 /tmp/cceb0BYz.o

.init           0x00000000f0100180       0x6a
 *(SORT_NONE(.init))
 *(.text.start)
 .text.start    0x00000000f0100180       0x6a /tmp/ccnvJOfw.o
                0x00000000f0100180                _start
                0x00000000f01001e4                _init
                0x00000000f01001e8                _fini

.text           0x00000000f01001ec     0x2c00
 *(.text.unlikely .text.*_unlikely .text.unlikely.*)
 *(.text.exit .text.exit.*)
 .text.exit     0x00000000f01001ec       0x2c /home/luis/tools/riscv/riscv32-unknown-elf/lib/libc_nano.a(lib_a-exit.o)
                0x00000000f01001ec                exit
 *(.text.startup .text.startup.*)
 .text.startup.main
                0x00000000f0100218       0xd8 CMakeFiles/main.elf.dir/applications/TMR_Safe_CPU/main.c.obj
                0x00000000f0100218                main
 *(.text.hot .text.hot.*)
 *(.text .stub .text.* .gnu.linkonce.t.*)
 .text          0x00000000f01002f0        0x0 /tmp/ccnvJOfw.o
 .text          0x00000000f01002f0        0x0 /tmp/cceb0BYz.o
 .text.vecs     0x00000000f01002f0       0x8c /tmp/cceb0BYz.o
 .text          0x00000000f010037c        0x0 /tmp/cch2pXIU.ltrans0.ltrans.o
 .text.dma_is_ready
                0x00000000f010037c       0x24 /tmp/cch2pXIU.ltrans0.ltrans.o
 .text.dma_intr_handler_trans_done
                0x00000000f01003a0        0xe /tmp/cch2pXIU.ltrans0.ltrans.o
 .text.dma_intr_handler_window_done
                0x00000000f01003ae        0xc /tmp/cch2pXIU.ltrans0.ltrans.o
 .text.dma_window_ratio_warning_threshold
                0x00000000f01003ba       0x10 /tmp/cch2pXIU.ltrans0.ltrans.o
 .text.fic_irq_timer_1
                0x00000000f01003ca        0xc /tmp/cch2pXIU.ltrans0.ltrans.o
 .text.fic_irq_timer_2
                0x00000000f01003d6        0xc /tmp/cch2pXIU.ltrans0.ltrans.o
 .text.fic_irq_timer_3
                0x00000000f01003e2        0xc /tmp/cch2pXIU.ltrans0.ltrans.o
 .text.fic_irq_spi
                0x00000000f01003ee        0xc /tmp/cch2pXIU.ltrans0.ltrans.o
 .text.fic_irq_spi_flash
                0x00000000f01003fa        0xc /tmp/cch2pXIU.ltrans0.ltrans.o
 .text.fic_irq_gpio_0
                0x00000000f0100406        0xc /tmp/cch2pXIU.ltrans0.ltrans.o
 .text.fic_irq_gpio_1
                0x00000000f0100412        0xc /tmp/cch2pXIU.ltrans0.ltrans.o
 .text.fic_irq_gpio_2
                0x00000000f010041e        0xc /tmp/cch2pXIU.ltrans0.ltrans.o
 .text.fic_irq_gpio_3
                0x00000000f010042a        0xc /tmp/cch2pXIU.ltrans0.ltrans.o
 .text.fic_irq_gpio_4
                0x00000000f0100436        0xc /tmp/cch2pXIU.ltrans0.ltrans.o
 .text.fic_irq_gpio_5
                0x00000000f0100442        0xc /tmp/cch2pXIU.ltrans0.ltrans.o
 .text.fic_irq_gpio_6
                0x00000000f010044e        0xc /tmp/cch2pXIU.ltrans0.ltrans.o
 .text.fic_irq_gpio_7
                0x00000000f010045a        0xc /tmp/cch2pXIU.ltrans0.ltrans.o
 .text.gpio_handler_irq_dummy
                0x00000000f0100466       0x12 /tmp/cch2pXIU.ltrans0.ltrans.o
 .text.handler_irq_i2c
                0x00000000f0100478       0x12 /tmp/cch2pXIU.ltrans0.ltrans.o
 .text.handler_irq_i2s
                0x00000000f010048a       0x14 /tmp/cch2pXIU.ltrans0.ltrans.o
 .text.handler_irq_dummy
                0x00000000f010049e       0x12 /tmp/cch2pXIU.ltrans0.ltrans.o
 .text.handler_irq_spi
                0x00000000f01004b0       0x14 /tmp/cch2pXIU.ltrans0.ltrans.o
 .text.handler_irq_uart
                0x00000000f01004c4       0x14 /tmp/cch2pXIU.ltrans0.ltrans.o
 .text.print_exc_msg
                0x00000000f01004d8       0x24 /tmp/cch2pXIU.ltrans0.ltrans.o
 .text.handler_instr_acc_fault
                0x00000000f01004fc       0x1a /tmp/cch2pXIU.ltrans0.ltrans.o
 .text.handler_lsu_fault
                0x00000000f0100516       0x1a /tmp/cch2pXIU.ltrans0.ltrans.o
 *fill*         0x00000000f0100530        0x0 
 .text.TMR_Safe_Activate
                0x00000000f0100530       0xf2 /tmp/cch2pXIU.ltrans0.ltrans.o
                0x00000000f0100530                TMR_Safe_Activate
 *fill*         0x00000000f0100622        0x2 
 .text.TMR_Safe_Stop
                0x00000000f0100624       0x2e /tmp/cch2pXIU.ltrans0.ltrans.o
                0x00000000f0100624                TMR_Safe_Stop
 *fill*         0x00000000f0100652        0x2 
 .text.handler_tmr_recoverysync
                0x00000000f0100654      0x16a /tmp/cch2pXIU.ltrans0.ltrans.o
                0x00000000f0100654                handler_tmr_recoverysync
 *fill*         0x00000000f01007be        0x2 
 .text.handler_safe_fsm
                0x00000000f01007c0       0x1e /tmp/cch2pXIU.ltrans0.ltrans.o
                0x00000000f01007c0                handler_safe_fsm
 *fill*         0x00000000f01007de        0x2 
 .text.handler_tmr_dmcontext_copy
                0x00000000f01007e0       0xda /tmp/cch2pXIU.ltrans0.ltrans.o
                0x00000000f01007e0                handler_tmr_dmcontext_copy
 *fill*         0x00000000f01008ba        0x2 
 .text.handler_tmr_dmshsync
                0x00000000f01008bc       0x32 /tmp/cch2pXIU.ltrans0.ltrans.o
                0x00000000f01008bc                handler_tmr_dmshsync
 *fill*         0x00000000f01008ee        0x2 
 .text.Check_RF
                0x00000000f01008f0       0x9e /tmp/cch2pXIU.ltrans0.ltrans.o
                0x00000000f01008f0                Check_RF
 *fill*         0x00000000f010098e        0x2 
 .text.handler_irq_external
                0x00000000f0100990       0xe2 /tmp/cch2pXIU.ltrans0.ltrans.o
                0x00000000f0100990                handler_irq_external
 .text.fic_irq_dma
                0x00000000f0100a72        0xc /tmp/cch2pXIU.ltrans0.ltrans.o
 *fill*         0x00000000f0100a7e        0x2 
 .text.handler_exception
                0x00000000f0100a80       0xb6 /tmp/cch2pXIU.ltrans0.ltrans.o
                0x00000000f0100a80                handler_exception
 *fill*         0x00000000f0100b36        0x2 
 .text.handler_irq_software
                0x00000000f0100b38       0x70 /tmp/cch2pXIU.ltrans0.ltrans.o
                0x00000000f0100b38                handler_irq_software
 *fill*         0x00000000f0100ba8        0x0 
 .text.handler_irq_timer
                0x00000000f0100ba8       0x70 /tmp/cch2pXIU.ltrans0.ltrans.o
                0x00000000f0100ba8                handler_irq_timer
 .text.init     0x00000000f0100c18        0x4 /tmp/cch2pXIU.ltrans0.ltrans.o
                0x00000000f0100c18                init
 .text._close   0x00000000f0100c1c        0x4 /tmp/cch2pXIU.ltrans0.ltrans.o
                0x00000000f0100c1c                _close
 .text._exit    0x00000000f0100c20       0x10 /tmp/cch2pXIU.ltrans0.ltrans.o
                0x00000000f0100c20                _exit
 .text._fstat   0x00000000f0100c30        0x8 /tmp/cch2pXIU.ltrans0.ltrans.o
                0x00000000f0100c30                _fstat
 .text._isatty  0x00000000f0100c38        0x8 /tmp/cch2pXIU.ltrans0.ltrans.o
                0x00000000f0100c38                _isatty
 .text._lseek   0x00000000f0100c40        0x4 /tmp/cch2pXIU.ltrans0.ltrans.o
                0x00000000f0100c40                _lseek
 .text._read    0x00000000f0100c44        0x4 /tmp/cch2pXIU.ltrans0.ltrans.o
                0x00000000f0100c44                _read
 .text._write   0x00000000f0100c48       0xaa /tmp/cch2pXIU.ltrans0.ltrans.o
                0x00000000f0100c48                _write
 .text._sbrk    0x00000000f0100cf2       0x36 /tmp/cch2pXIU.ltrans0.ltrans.o
                0x00000000f0100cf2                _sbrk
 .text          0x00000000f0100d28        0x0 /home/luis/tools/riscv/riscv32-unknown-elf/lib/libc_nano.a(lib_a-atexit.o)
 .text.atexit   0x00000000f0100d28        0xa /home/luis/tools/riscv/riscv32-unknown-elf/lib/libc_nano.a(lib_a-atexit.o)
                0x00000000f0100d28                atexit
 .text          0x00000000f0100d32        0x0 /home/luis/tools/riscv/riscv32-unknown-elf/lib/libc_nano.a(lib_a-exit.o)
 .text          0x00000000f0100d32        0x0 /home/luis/tools/riscv/riscv32-unknown-elf/lib/libc_nano.a(lib_a-fini.o)
 .text.__libc_fini_array
                0x00000000f0100d32       0x3a /home/luis/tools/riscv/riscv32-unknown-elf/lib/libc_nano.a(lib_a-fini.o)
                0x00000000f0100d32                __libc_fini_array
 .text          0x00000000f0100d6c        0x0 /home/luis/tools/riscv/riscv32-unknown-elf/lib/libc_nano.a(lib_a-impure.o)
 .text          0x00000000f0100d6c        0x0 /home/luis/tools/riscv/riscv32-unknown-elf/lib/libc_nano.a(lib_a-init.o)
 .text.__libc_init_array
                0x00000000f0100d6c       0x66 /home/luis/tools/riscv/riscv32-unknown-elf/lib/libc_nano.a(lib_a-init.o)
                0x00000000f0100d6c                __libc_init_array
 .text          0x00000000f0100dd2       0x10 /home/luis/tools/riscv/riscv32-unknown-elf/lib/libc_nano.a(lib_a-memset.o)
                0x00000000f0100dd2                memset
 .text          0x00000000f0100de2        0x0 /home/luis/tools/riscv/riscv32-unknown-elf/lib/libc_nano.a(lib_a-puts.o)
 .text._puts_r  0x00000000f0100de2       0xde /home/luis/tools/riscv/riscv32-unknown-elf/lib/libc_nano.a(lib_a-puts.o)
                0x00000000f0100de2                _puts_r
 .text.puts     0x00000000f0100ec0        0xc /home/luis/tools/riscv/riscv32-unknown-elf/lib/libc_nano.a(lib_a-puts.o)
                0x00000000f0100ec0                puts
 .text          0x00000000f0100ecc        0x0 /home/luis/tools/riscv/riscv32-unknown-elf/lib/libc_nano.a(lib_a-reent.o)
 .text.cleanup_glue
                0x00000000f0100ecc       0x22 /home/luis/tools/riscv/riscv32-unknown-elf/lib/libc_nano.a(lib_a-reent.o)
                0x00000000f0100ecc                cleanup_glue
 .text._reclaim_reent
                0x00000000f0100eee       0xd8 /home/luis/tools/riscv/riscv32-unknown-elf/lib/libc_nano.a(lib_a-reent.o)
                0x00000000f0100eee                _reclaim_reent
 .text          0x00000000f0100fc6        0x0 /home/luis/tools/riscv/riscv32-unknown-elf/lib/libc_nano.a(lib_a-wbuf.o)
 .text.__swbuf_r
                0x00000000f0100fc6       0xc0 /home/luis/tools/riscv/riscv32-unknown-elf/lib/libc_nano.a(lib_a-wbuf.o)
                0x00000000f0100fc6                __swbuf_r
 .text.__swbuf  0x00000000f0101086        0xe /home/luis/tools/riscv/riscv32-unknown-elf/lib/libc_nano.a(lib_a-wbuf.o)
                0x00000000f0101086                __swbuf
 .text          0x00000000f0101094        0x0 /home/luis/tools/riscv/riscv32-unknown-elf/lib/libc_nano.a(lib_a-wsetup.o)
 .text.__swsetup_r
                0x00000000f0101094      0x10c /home/luis/tools/riscv/riscv32-unknown-elf/lib/libc_nano.a(lib_a-wsetup.o)
                0x00000000f0101094                __swsetup_r
 .text          0x00000000f01011a0        0x0 /home/luis/tools/riscv/riscv32-unknown-elf/lib/libc_nano.a(lib_a-__atexit.o)
 .text.__register_exitproc
                0x00000000f01011a0       0x84 /home/luis/tools/riscv/riscv32-unknown-elf/lib/libc_nano.a(lib_a-__atexit.o)
                0x00000000f01011a0                __register_exitproc
 .text          0x00000000f0101224        0x0 /home/luis/tools/riscv/riscv32-unknown-elf/lib/libc_nano.a(lib_a-__call_atexit.o)
 .text.__call_exitprocs
                0x00000000f0101224       0xc8 /home/luis/tools/riscv/riscv32-unknown-elf/lib/libc_nano.a(lib_a-__call_atexit.o)
                0x00000000f0101224                __call_exitprocs
 .text          0x00000000f01012ec        0x0 /home/luis/tools/riscv/riscv32-unknown-elf/lib/libc_nano.a(lib_a-fflush.o)
 .text.__sflush_r
                0x00000000f01012ec      0x146 /home/luis/tools/riscv/riscv32-unknown-elf/lib/libc_nano.a(lib_a-fflush.o)
                0x00000000f01012ec                __sflush_r
 .text._fflush_r
                0x00000000f0101432       0x64 /home/luis/tools/riscv/riscv32-unknown-elf/lib/libc_nano.a(lib_a-fflush.o)
                0x00000000f0101432                _fflush_r
 .text.fflush   0x00000000f0101496       0x20 /home/luis/tools/riscv/riscv32-unknown-elf/lib/libc_nano.a(lib_a-fflush.o)
                0x00000000f0101496                fflush
 .text          0x00000000f01014b6        0x0 /home/luis/tools/riscv/riscv32-unknown-elf/lib/libc_nano.a(lib_a-findfp.o)
 .text.__fp_lock
                0x00000000f01014b6        0x4 /home/luis/tools/riscv/riscv32-unknown-elf/lib/libc_nano.a(lib_a-findfp.o)
 .text.std      0x00000000f01014ba       0x6a /home/luis/tools/riscv/riscv32-unknown-elf/lib/libc_nano.a(lib_a-findfp.o)
 .text._cleanup_r
                0x00000000f0101524        0xa /home/luis/tools/riscv/riscv32-unknown-elf/lib/libc_nano.a(lib_a-findfp.o)
                0x00000000f0101524                _cleanup_r
 .text.__fp_unlock
                0x00000000f010152e        0x4 /home/luis/tools/riscv/riscv32-unknown-elf/lib/libc_nano.a(lib_a-findfp.o)
 .text.__sfmoreglue
                0x00000000f0101532       0x46 /home/luis/tools/riscv/riscv32-unknown-elf/lib/libc_nano.a(lib_a-findfp.o)
                0x00000000f0101532                __sfmoreglue
 .text._cleanup
                0x00000000f0101578        0xa /home/luis/tools/riscv/riscv32-unknown-elf/lib/libc_nano.a(lib_a-findfp.o)
                0x00000000f0101578                _cleanup
 .text.__sinit  0x00000000f0101582       0x6a /home/luis/tools/riscv/riscv32-unknown-elf/lib/libc_nano.a(lib_a-findfp.o)
                0x00000000f0101582                __sinit
 .text.__sfp    0x00000000f01015ec       0x9e /home/luis/tools/riscv/riscv32-unknown-elf/lib/libc_nano.a(lib_a-findfp.o)
                0x00000000f01015ec                __sfp
 .text.__sfp_lock_acquire
                0x00000000f010168a        0x2 /home/luis/tools/riscv/riscv32-unknown-elf/lib/libc_nano.a(lib_a-findfp.o)
                0x00000000f010168a                __sfp_lock_acquire
 .text.__sfp_lock_release
                0x00000000f010168c        0x2 /home/luis/tools/riscv/riscv32-unknown-elf/lib/libc_nano.a(lib_a-findfp.o)
                0x00000000f010168c                __sfp_lock_release
 .text.__sinit_lock_acquire
                0x00000000f010168e        0x2 /home/luis/tools/riscv/riscv32-unknown-elf/lib/libc_nano.a(lib_a-findfp.o)
                0x00000000f010168e                __sinit_lock_acquire
 .text.__sinit_lock_release
                0x00000000f0101690        0x2 /home/luis/tools/riscv/riscv32-unknown-elf/lib/libc_nano.a(lib_a-findfp.o)
                0x00000000f0101690                __sinit_lock_release
 .text.__fp_lock_all
                0x00000000f0101692       0x12 /home/luis/tools/riscv/riscv32-unknown-elf/lib/libc_nano.a(lib_a-findfp.o)
                0x00000000f0101692                __fp_lock_all
 .text.__fp_unlock_all
                0x00000000f01016a4       0x12 /home/luis/tools/riscv/riscv32-unknown-elf/lib/libc_nano.a(lib_a-findfp.o)
                0x00000000f01016a4                __fp_unlock_all
 .text          0x00000000f01016b6        0x0 /home/luis/tools/riscv/riscv32-unknown-elf/lib/libc_nano.a(lib_a-fwalk.o)
 .text._fwalk   0x00000000f01016b6       0x62 /home/luis/tools/riscv/riscv32-unknown-elf/lib/libc_nano.a(lib_a-fwalk.o)
                0x00000000f01016b6                _fwalk
 .text._fwalk_reent
                0x00000000f0101718       0x6a /home/luis/tools/riscv/riscv32-unknown-elf/lib/libc_nano.a(lib_a-fwalk.o)
                0x00000000f0101718                _fwalk_reent
 .text          0x00000000f0101782        0x0 /home/luis/tools/riscv/riscv32-unknown-elf/lib/libc_nano.a(lib_a-makebuf.o)
 .text.__swhatbuf_r
                0x00000000f0101782       0x5c /home/luis/tools/riscv/riscv32-unknown-elf/lib/libc_nano.a(lib_a-makebuf.o)
                0x00000000f0101782                __swhatbuf_r
 .text.__smakebuf_r
                0x00000000f01017de       0x9c /home/luis/tools/riscv/riscv32-unknown-elf/lib/libc_nano.a(lib_a-makebuf.o)
                0x00000000f01017de                __smakebuf_r
 .text          0x00000000f010187a        0x0 /home/luis/tools/riscv/riscv32-unknown-elf/lib/libc_nano.a(lib_a-nano-freer.o)
 .text._free_r  0x00000000f010187a       0xa2 /home/luis/tools/riscv/riscv32-unknown-elf/lib/libc_nano.a(lib_a-nano-freer.o)
                0x00000000f010187a                _free_r
 .text          0x00000000f010191c        0x0 /home/luis/tools/riscv/riscv32-unknown-elf/lib/libc_nano.a(lib_a-nano-mallocr.o)
 .text._malloc_r
                0x00000000f010191c       0xdc /home/luis/tools/riscv/riscv32-unknown-elf/lib/libc_nano.a(lib_a-nano-mallocr.o)
                0x00000000f010191c                _malloc_r
 .text          0x00000000f01019f8        0x0 /home/luis/tools/riscv/riscv32-unknown-elf/lib/libc_nano.a(lib_a-sbrkr.o)
 .text._sbrk_r  0x00000000f01019f8       0x30 /home/luis/tools/riscv/riscv32-unknown-elf/lib/libc_nano.a(lib_a-sbrkr.o)
                0x00000000f01019f8                _sbrk_r
 .text          0x00000000f0101a28        0x0 /home/luis/tools/riscv/riscv32-unknown-elf/lib/libc_nano.a(lib_a-stdio.o)
 .text.__sread  0x00000000f0101a28       0x30 /home/luis/tools/riscv/riscv32-unknown-elf/lib/libc_nano.a(lib_a-stdio.o)
                0x00000000f0101a28                __sread
 .text.__seofread
                0x00000000f0101a58        0x4 /home/luis/tools/riscv/riscv32-unknown-elf/lib/libc_nano.a(lib_a-stdio.o)
                0x00000000f0101a58                __seofread
 .text.__swrite
                0x00000000f0101a5c       0x4e /home/luis/tools/riscv/riscv32-unknown-elf/lib/libc_nano.a(lib_a-stdio.o)
                0x00000000f0101a5c                __swrite
 .text.__sseek  0x00000000f0101aaa       0x36 /home/luis/tools/riscv/riscv32-unknown-elf/lib/libc_nano.a(lib_a-stdio.o)
                0x00000000f0101aaa                __sseek
 .text.__sclose
                0x00000000f0101ae0        0x6 /home/luis/tools/riscv/riscv32-unknown-elf/lib/libc_nano.a(lib_a-stdio.o)
                0x00000000f0101ae0                __sclose
 .text          0x00000000f0101ae6        0x0 /home/luis/tools/riscv/riscv32-unknown-elf/lib/libc_nano.a(lib_a-writer.o)
 .text._write_r
                0x00000000f0101ae6       0x34 /home/luis/tools/riscv/riscv32-unknown-elf/lib/libc_nano.a(lib_a-writer.o)
                0x00000000f0101ae6                _write_r
 .text          0x00000000f0101b1a        0x0 /home/luis/tools/riscv/riscv32-unknown-elf/lib/libc_nano.a(lib_a-closer.o)
 .text._close_r
                0x00000000f0101b1a       0x30 /home/luis/tools/riscv/riscv32-unknown-elf/lib/libc_nano.a(lib_a-closer.o)
                0x00000000f0101b1a                _close_r
 .text          0x00000000f0101b4a        0x0 /home/luis/tools/riscv/riscv32-unknown-elf/lib/libc_nano.a(lib_a-fstatr.o)
 .text._fstat_r
                0x00000000f0101b4a       0x32 /home/luis/tools/riscv/riscv32-unknown-elf/lib/libc_nano.a(lib_a-fstatr.o)
                0x00000000f0101b4a                _fstat_r
 .text          0x00000000f0101b7c        0x0 /home/luis/tools/riscv/riscv32-unknown-elf/lib/libc_nano.a(lib_a-isattyr.o)
 .text._isatty_r
                0x00000000f0101b7c       0x30 /home/luis/tools/riscv/riscv32-unknown-elf/lib/libc_nano.a(lib_a-isattyr.o)
                0x00000000f0101b7c                _isatty_r
 .text          0x00000000f0101bac        0x0 /home/luis/tools/riscv/riscv32-unknown-elf/lib/libc_nano.a(lib_a-lseekr.o)
 .text._lseek_r
                0x00000000f0101bac       0x34 /home/luis/tools/riscv/riscv32-unknown-elf/lib/libc_nano.a(lib_a-lseekr.o)
                0x00000000f0101bac                _lseek_r
 .text          0x00000000f0101be0        0x0 /home/luis/tools/riscv/riscv32-unknown-elf/lib/libc_nano.a(lib_a-mlock.o)
 .text.__malloc_lock
                0x00000000f0101be0        0x2 /home/luis/tools/riscv/riscv32-unknown-elf/lib/libc_nano.a(lib_a-mlock.o)
                0x00000000f0101be0                __malloc_lock
 .text.__malloc_unlock
                0x00000000f0101be2        0x2 /home/luis/tools/riscv/riscv32-unknown-elf/lib/libc_nano.a(lib_a-mlock.o)
                0x00000000f0101be2                __malloc_unlock
 .text          0x00000000f0101be4        0x0 /home/luis/tools/riscv/riscv32-unknown-elf/lib/libc_nano.a(lib_a-readr.o)
 .text._read_r  0x00000000f0101be4       0x34 /home/luis/tools/riscv/riscv32-unknown-elf/lib/libc_nano.a(lib_a-readr.o)
                0x00000000f0101be4                _read_r
 .text          0x00000000f0101c18       0x16 /home/luis/tools/riscv/riscv32-unknown-elf/lib/libc_nano.a(lib_a-memcpy-asm.o)
                0x00000000f0101c18                memcpy
 .text          0x00000000f0101c2e        0x0 /home/luis/tools/riscv/riscv32-unknown-elf/lib/libc_nano.a(lib_a-printf.o)
 .text._printf_r
                0x00000000f0101c2e       0x38 /home/luis/tools/riscv/riscv32-unknown-elf/lib/libc_nano.a(lib_a-printf.o)
                0x00000000f0101c2e                _printf_r
                0x00000000f0101c2e                _iprintf_r
 .text.printf   0x00000000f0101c66       0x3e /home/luis/tools/riscv/riscv32-unknown-elf/lib/libc_nano.a(lib_a-printf.o)
                0x00000000f0101c66                printf
                0x00000000f0101c66                iprintf
 .text          0x00000000f0101ca4        0x0 /home/luis/tools/riscv/riscv32-unknown-elf/lib/libc_nano.a(lib_a-nano-vfprintf.o)
 .text.__sfputc_r
                0x00000000f0101ca4       0x2a /home/luis/tools/riscv/riscv32-unknown-elf/lib/libc_nano.a(lib_a-nano-vfprintf.o)
 .text.__sfputs_r
                0x00000000f0101cce       0x42 /home/luis/tools/riscv/riscv32-unknown-elf/lib/libc_nano.a(lib_a-nano-vfprintf.o)
                0x00000000f0101cce                __sfputs_r
 .text.__sprint_r
                0x00000000f0101d10       0x22 /home/luis/tools/riscv/riscv32-unknown-elf/lib/libc_nano.a(lib_a-nano-vfprintf.o)
                0x00000000f0101d10                __sprint_r
 .text._vfprintf_r
                0x00000000f0101d32      0x2a0 /home/luis/tools/riscv/riscv32-unknown-elf/lib/libc_nano.a(lib_a-nano-vfprintf.o)
                0x00000000f0101d32                _vfiprintf_r
                0x00000000f0101d32                _vfprintf_r
 .text.vfprintf
                0x00000000f0101fd2       0x10 /home/luis/tools/riscv/riscv32-unknown-elf/lib/libc_nano.a(lib_a-nano-vfprintf.o)
                0x00000000f0101fd2                vfiprintf
                0x00000000f0101fd2                vfprintf
 .text          0x00000000f0101fe2        0x0 /home/luis/tools/riscv/riscv32-unknown-elf/lib/libc_nano.a(lib_a-fvwrite.o)
 .text.__sfvwrite_r
                0x00000000f0101fe2      0x2cc /home/luis/tools/riscv/riscv32-unknown-elf/lib/libc_nano.a(lib_a-fvwrite.o)
                0x00000000f0101fe2                __sfvwrite_r
 .text          0x00000000f01022ae        0x0 /home/luis/tools/riscv/riscv32-unknown-elf/lib/libc_nano.a(lib_a-memchr.o)
 .text.memchr   0x00000000f01022ae       0x1a /home/luis/tools/riscv/riscv32-unknown-elf/lib/libc_nano.a(lib_a-memchr.o)
                0x00000000f01022ae                memchr
 .text          0x00000000f01022c8       0x26 /home/luis/tools/riscv/riscv32-unknown-elf/lib/libc_nano.a(lib_a-memmove.o)
                0x00000000f01022c8                memmove
 .text          0x00000000f01022ee        0x0 /home/luis/tools/riscv/riscv32-unknown-elf/lib/libc_nano.a(lib_a-nano-reallocr.o)
 .text._realloc_r
                0x00000000f01022ee       0x7c /home/luis/tools/riscv/riscv32-unknown-elf/lib/libc_nano.a(lib_a-nano-reallocr.o)
                0x00000000f01022ee                _realloc_r
 .text          0x00000000f010236a        0x0 /home/luis/tools/riscv/riscv32-unknown-elf/lib/libc_nano.a(lib_a-nano-vfprintf_i.o)
 .text._printf_common
                0x00000000f010236a      0x110 /home/luis/tools/riscv/riscv32-unknown-elf/lib/libc_nano.a(lib_a-nano-vfprintf_i.o)
                0x00000000f010236a                _printf_common
 .text._printf_i
                0x00000000f010247a      0x262 /home/luis/tools/riscv/riscv32-unknown-elf/lib/libc_nano.a(lib_a-nano-vfprintf_i.o)
                0x00000000f010247a                _printf_i
 .text          0x00000000f01026dc        0x0 /home/luis/tools/riscv/riscv32-unknown-elf/lib/libc_nano.a(lib_a-nano-msizer.o)
 .text._malloc_usable_size_r
                0x00000000f01026dc       0x14 /home/luis/tools/riscv/riscv32-unknown-elf/lib/libc_nano.a(lib_a-nano-msizer.o)
                0x00000000f01026dc                _malloc_usable_size_r
 .text          0x00000000f01026f0      0x39e /home/luis/tools/riscv/lib/gcc/riscv32-unknown-elf/11.1.0/libgcc.a(_divdi3.o)
                0x00000000f01026f0                __divdi3
 .text          0x00000000f0102a8e      0x35e /home/luis/tools/riscv/lib/gcc/riscv32-unknown-elf/11.1.0/libgcc.a(_udivdi3.o)
                0x00000000f0102a8e                __udivdi3
 .text          0x00000000f0102dec        0x0 /home/luis/tools/riscv/lib/gcc/riscv32-unknown-elf/11.1.0/libgcc.a(_clz.o)
 .text          0x00000000f0102dec        0x0 CMakeFiles/main.elf.dir/applications/TMR_Safe_CPU/main.c.obj
 *(.gnu.warning)

.power_manager  0x00000000f0103000      0x100
                [!provide]                        PROVIDE (__power_manager_start = .)
                0x00000000f0103100                . = (. + 0x100)
 *fill*         0x00000000f0103000      0x100 

.fini
 *(SORT_NONE(.fini))
                [!provide]                        PROVIDE (__etext = .)
                [!provide]                        PROVIDE (_etext = .)
                [!provide]                        PROVIDE (etext = .)

.rodata         0x00000000f0108000      0x42c
 *(.rodata .rodata.* .gnu.linkonce.r.*)
 .rodata        0x00000000f0108000       0xb5 /tmp/cceb0BYz.o
 *fill*         0x00000000f01080b5        0x3 
 .rodata.print_exc_msg.str1.4
                0x00000000f01080b8       0x19 /tmp/cch2pXIU.ltrans0.ltrans.o
 *fill*         0x00000000f01080d1        0x3 
 .rodata.handler_instr_acc_fault.str1.4
                0x00000000f01080d4       0x35 /tmp/cch2pXIU.ltrans0.ltrans.o
 *fill*         0x00000000f0108109        0x3 
 .rodata.handler_lsu_fault.str1.4
                0x00000000f010810c       0x31 /tmp/cch2pXIU.ltrans0.ltrans.o
 *fill*         0x00000000f010813d        0x3 
 .rodata.handler_exception.str1.4
                0x00000000f0108140       0x95 /tmp/cch2pXIU.ltrans0.ltrans.o
 *fill*         0x00000000f01081d5        0x3 
 .rodata.handler_exception
                0x00000000f01081d8       0x30 /tmp/cch2pXIU.ltrans0.ltrans.o
 .rodata.handler_irq_software.str1.4
                0x00000000f0108208       0x18 /tmp/cch2pXIU.ltrans0.ltrans.o
 .rodata.handler_irq_timer.str1.4
                0x00000000f0108220       0x15 /tmp/cch2pXIU.ltrans0.ltrans.o
 *fill*         0x00000000f0108235        0x3 
 .rodata.__sf_fake_stderr
                0x00000000f0108238       0x20 /home/luis/tools/riscv/riscv32-unknown-elf/lib/libc_nano.a(lib_a-findfp.o)
                0x00000000f0108238                __sf_fake_stderr
 .rodata.__sf_fake_stdin
                0x00000000f0108258       0x20 /home/luis/tools/riscv/riscv32-unknown-elf/lib/libc_nano.a(lib_a-findfp.o)
                0x00000000f0108258                __sf_fake_stdin
 .rodata.__sf_fake_stdout
                0x00000000f0108278       0x20 /home/luis/tools/riscv/riscv32-unknown-elf/lib/libc_nano.a(lib_a-findfp.o)
                0x00000000f0108278                __sf_fake_stdout
 .rodata._vfprintf_r.str1.4
                0x00000000f0108298       0x13 /home/luis/tools/riscv/riscv32-unknown-elf/lib/libc_nano.a(lib_a-nano-vfprintf.o)
 *fill*         0x00000000f01082ab        0x1 
 .rodata._printf_i.str1.4
                0x00000000f01082ac       0x25 /home/luis/tools/riscv/riscv32-unknown-elf/lib/libc_nano.a(lib_a-nano-vfprintf_i.o)
 *fill*         0x00000000f01082d1        0x3 
 .rodata._printf_i
                0x00000000f01082d4       0x58 /home/luis/tools/riscv/riscv32-unknown-elf/lib/libc_nano.a(lib_a-nano-vfprintf_i.o)
 .rodata        0x00000000f010832c      0x100 /home/luis/tools/riscv/lib/gcc/riscv32-unknown-elf/11.1.0/libgcc.a(_clz.o)
                0x00000000f010832c                __clz_tab

.rodata1
 *(.rodata1)

.eh_frame_hdr
 *(.eh_frame_hdr)
 *(.eh_frame_entry .eh_frame_entry.*)

.eh_frame       0x00000000f0103100       0x3c
 *(.eh_frame)
 .eh_frame      0x00000000f0103100       0x28 /home/luis/tools/riscv/lib/gcc/riscv32-unknown-elf/11.1.0/libgcc.a(_divdi3.o)
 .eh_frame      0x00000000f0103128       0x14 /home/luis/tools/riscv/lib/gcc/riscv32-unknown-elf/11.1.0/libgcc.a(_udivdi3.o)
                                         0x28 (size before relaxing)
 *(.eh_frame.*)

.rela.dyn       0x00000000f010313c        0x0
 .rela.text.start
                0x00000000f010313c        0x0 /tmp/ccnvJOfw.o
 .rela.text.__libc_fini_array
                0x00000000f010313c        0x0 /tmp/ccnvJOfw.o
 .rela.text.__libc_init_array
                0x00000000f010313c        0x0 /tmp/ccnvJOfw.o
 .rela.text.__register_exitproc
                0x00000000f010313c        0x0 /tmp/ccnvJOfw.o
 .rela.text._sbrk
                0x00000000f010313c        0x0 /tmp/ccnvJOfw.o
 .rela.sdata.brk
                0x00000000f010313c        0x0 /tmp/ccnvJOfw.o
 .rela.text._vfprintf_r
                0x00000000f010313c        0x0 /tmp/ccnvJOfw.o

.gcc_except_table
 *(.gcc_except_table .gcc_except_table.*)

.gnu_extab
 *(.gnu_extab*)
                0x00000000f010413c                . = DATA_SEGMENT_ALIGN (CONSTANT (MAXPAGESIZE), CONSTANT (COMMONPAGESIZE))

.eh_frame
 *(.eh_frame)
 *(.eh_frame.*)

.gnu_extab
 *(.gnu_extab)

.gcc_except_table
 *(.gcc_except_table .gcc_except_table.*)

.exception_ranges
 *(.exception_ranges .exception_ranges*)

.tdata          0x00000000f010842c        0x0
                [!provide]                        PROVIDE (__tdata_start = .)
 *(.tdata .tdata.* .gnu.linkonce.td.*)

.tbss
 *(.tbss .tbss.* .gnu.linkonce.tb.*)
 *(.tcommon)

.preinit_array  0x00000000f010842c        0x0
                0x00000000f010842c                PROVIDE (__preinit_array_start = .)
 *(.preinit_array)
                0x00000000f010842c                PROVIDE (__preinit_array_end = .)

.init_array     0x00000000f010842c        0x0
                0x00000000f010842c                PROVIDE (__init_array_start = .)
 *(SORT_BY_INIT_PRIORITY(.init_array.*) SORT_BY_INIT_PRIORITY(.ctors.*))
 *(.init_array EXCLUDE_FILE(*crtend?.o *crtend.o *crtbegin?.o *crtbegin.o) .ctors)
                0x00000000f010842c                PROVIDE (__init_array_end = .)

.fini_array     0x00000000f010842c        0x0
                0x00000000f010842c                PROVIDE (__fini_array_start = .)
 *(SORT_BY_INIT_PRIORITY(.fini_array.*) SORT_BY_INIT_PRIORITY(.dtors.*))
 *(.fini_array EXCLUDE_FILE(*crtend?.o *crtend.o *crtbegin?.o *crtbegin.o) .dtors)
                0x00000000f010842c                PROVIDE (__fini_array_end = .)

.ctors
 *crtbegin.o(.ctors)
 *crtbegin?.o(.ctors)
 *(EXCLUDE_FILE(*crtend?.o *crtend.o) .ctors)
 *(SORT_BY_NAME(.ctors.*))
 *(.ctors)

.dtors
 *crtbegin.o(.dtors)
 *crtbegin?.o(.dtors)
 *(EXCLUDE_FILE(*crtend?.o *crtend.o) .dtors)
 *(SORT_BY_NAME(.dtors.*))
 *(.dtors)
                0x00000000f010842c                . = DATA_SEGMENT_RELRO_END (., 0x0)

.data           0x00000000f010842c       0x60
                0x00000000f010842c                __DATA_BEGIN__ = .
 *(.data .data.* .gnu.linkonce.d.*)
 .data          0x00000000f010842c        0x0 /tmp/ccnvJOfw.o
 .data          0x00000000f010842c        0x0 /tmp/cceb0BYz.o
 .data          0x00000000f010842c        0x0 /tmp/cch2pXIU.ltrans0.ltrans.o
 .data          0x00000000f010842c        0x0 /home/luis/tools/riscv/riscv32-unknown-elf/lib/libc_nano.a(lib_a-atexit.o)
 .data          0x00000000f010842c        0x0 /home/luis/tools/riscv/riscv32-unknown-elf/lib/libc_nano.a(lib_a-exit.o)
 .data          0x00000000f010842c        0x0 /home/luis/tools/riscv/riscv32-unknown-elf/lib/libc_nano.a(lib_a-fini.o)
 .data          0x00000000f010842c        0x0 /home/luis/tools/riscv/riscv32-unknown-elf/lib/libc_nano.a(lib_a-impure.o)
 .data.impure_data
                0x00000000f010842c       0x60 /home/luis/tools/riscv/riscv32-unknown-elf/lib/libc_nano.a(lib_a-impure.o)
 .data          0x00000000f010848c        0x0 /home/luis/tools/riscv/riscv32-unknown-elf/lib/libc_nano.a(lib_a-init.o)
 .data          0x00000000f010848c        0x0 /home/luis/tools/riscv/riscv32-unknown-elf/lib/libc_nano.a(lib_a-memset.o)
 .data          0x00000000f010848c        0x0 /home/luis/tools/riscv/riscv32-unknown-elf/lib/libc_nano.a(lib_a-puts.o)
 .data          0x00000000f010848c        0x0 /home/luis/tools/riscv/riscv32-unknown-elf/lib/libc_nano.a(lib_a-reent.o)
 .data          0x00000000f010848c        0x0 /home/luis/tools/riscv/riscv32-unknown-elf/lib/libc_nano.a(lib_a-wbuf.o)
 .data          0x00000000f010848c        0x0 /home/luis/tools/riscv/riscv32-unknown-elf/lib/libc_nano.a(lib_a-wsetup.o)
 .data          0x00000000f010848c        0x0 /home/luis/tools/riscv/riscv32-unknown-elf/lib/libc_nano.a(lib_a-__atexit.o)
 .data          0x00000000f010848c        0x0 /home/luis/tools/riscv/riscv32-unknown-elf/lib/libc_nano.a(lib_a-__call_atexit.o)
 .data          0x00000000f010848c        0x0 /home/luis/tools/riscv/riscv32-unknown-elf/lib/libc_nano.a(lib_a-fflush.o)
 .data          0x00000000f010848c        0x0 /home/luis/tools/riscv/riscv32-unknown-elf/lib/libc_nano.a(lib_a-findfp.o)
 .data          0x00000000f010848c        0x0 /home/luis/tools/riscv/riscv32-unknown-elf/lib/libc_nano.a(lib_a-fwalk.o)
 .data          0x00000000f010848c        0x0 /home/luis/tools/riscv/riscv32-unknown-elf/lib/libc_nano.a(lib_a-makebuf.o)
 .data          0x00000000f010848c        0x0 /home/luis/tools/riscv/riscv32-unknown-elf/lib/libc_nano.a(lib_a-nano-freer.o)
 .data          0x00000000f010848c        0x0 /home/luis/tools/riscv/riscv32-unknown-elf/lib/libc_nano.a(lib_a-nano-mallocr.o)
 .data          0x00000000f010848c        0x0 /home/luis/tools/riscv/riscv32-unknown-elf/lib/libc_nano.a(lib_a-sbrkr.o)
 .data          0x00000000f010848c        0x0 /home/luis/tools/riscv/riscv32-unknown-elf/lib/libc_nano.a(lib_a-stdio.o)
 .data          0x00000000f010848c        0x0 /home/luis/tools/riscv/riscv32-unknown-elf/lib/libc_nano.a(lib_a-writer.o)
 .data          0x00000000f010848c        0x0 /home/luis/tools/riscv/riscv32-unknown-elf/lib/libc_nano.a(lib_a-closer.o)
 .data          0x00000000f010848c        0x0 /home/luis/tools/riscv/riscv32-unknown-elf/lib/libc_nano.a(lib_a-fstatr.o)
 .data          0x00000000f010848c        0x0 /home/luis/tools/riscv/riscv32-unknown-elf/lib/libc_nano.a(lib_a-isattyr.o)
 .data          0x00000000f010848c        0x0 /home/luis/tools/riscv/riscv32-unknown-elf/lib/libc_nano.a(lib_a-lseekr.o)
 .data          0x00000000f010848c        0x0 /home/luis/tools/riscv/riscv32-unknown-elf/lib/libc_nano.a(lib_a-mlock.o)
 .data          0x00000000f010848c        0x0 /home/luis/tools/riscv/riscv32-unknown-elf/lib/libc_nano.a(lib_a-readr.o)
 .data          0x00000000f010848c        0x0 /home/luis/tools/riscv/riscv32-unknown-elf/lib/libc_nano.a(lib_a-memcpy-asm.o)
 .data          0x00000000f010848c        0x0 /home/luis/tools/riscv/riscv32-unknown-elf/lib/libc_nano.a(lib_a-printf.o)
 .data          0x00000000f010848c        0x0 /home/luis/tools/riscv/riscv32-unknown-elf/lib/libc_nano.a(lib_a-nano-vfprintf.o)
 .data          0x00000000f010848c        0x0 /home/luis/tools/riscv/riscv32-unknown-elf/lib/libc_nano.a(lib_a-fvwrite.o)
 .data          0x00000000f010848c        0x0 /home/luis/tools/riscv/riscv32-unknown-elf/lib/libc_nano.a(lib_a-memchr.o)
 .data          0x00000000f010848c        0x0 /home/luis/tools/riscv/riscv32-unknown-elf/lib/libc_nano.a(lib_a-memmove.o)
 .data          0x00000000f010848c        0x0 /home/luis/tools/riscv/riscv32-unknown-elf/lib/libc_nano.a(lib_a-nano-reallocr.o)
 .data          0x00000000f010848c        0x0 /home/luis/tools/riscv/riscv32-unknown-elf/lib/libc_nano.a(lib_a-nano-vfprintf_i.o)
 .data          0x00000000f010848c        0x0 /home/luis/tools/riscv/riscv32-unknown-elf/lib/libc_nano.a(lib_a-nano-msizer.o)
 .data          0x00000000f010848c        0x0 /home/luis/tools/riscv/lib/gcc/riscv32-unknown-elf/11.1.0/libgcc.a(_divdi3.o)
 .data          0x00000000f010848c        0x0 /home/luis/tools/riscv/lib/gcc/riscv32-unknown-elf/11.1.0/libgcc.a(_udivdi3.o)
 .data          0x00000000f010848c        0x0 /home/luis/tools/riscv/lib/gcc/riscv32-unknown-elf/11.1.0/libgcc.a(_clz.o)
 .data          0x00000000f010848c        0x0 CMakeFiles/main.elf.dir/applications/TMR_Safe_CPU/main.c.obj

.data1
 *(.data1)
                0x0000000000000000                _lma_vma_data_offset = 0x0

.sdata          0x00000000f010848c       0x10
                0x00000000f010848c                __SDATA_BEGIN__ = .
 *(.srodata.cst16)
 *(.srodata.cst8)
 *(.srodata.cst4)
 *(.srodata.cst2)
 *(.srodata .srodata.*)
 .srodata._global_impure_ptr
                0x00000000f010848c        0x4 /home/luis/tools/riscv/riscv32-unknown-elf/lib/libc_nano.a(lib_a-impure.o)
                0x00000000f010848c                _global_impure_ptr
 *(.sdata .sdata.* .gnu.linkonce.s.*)
 .sdata.brk     0x00000000f0108490        0x4 /tmp/cch2pXIU.ltrans0.ltrans.o
 .sdata._impure_ptr
                0x00000000f0108494        0x4 /home/luis/tools/riscv/riscv32-unknown-elf/lib/libc_nano.a(lib_a-impure.o)
                0x00000000f0108494                _impure_ptr
 .sdata.__atexit_dummy
                0x00000000f0108498        0x4 /home/luis/tools/riscv/riscv32-unknown-elf/lib/libc_nano.a(lib_a-__atexit.o)
                0x00000000f0108498                __atexit_dummy
                0x00000000f010849c                _edata = .
                [!provide]                        PROVIDE (edata = .)
                0x00000000f010849c                . = .
                0x00000000f010849c                __bss_start = .

.sbss           0x00000000f010849c       0x10
 *(.dynsbss)
 *(.sbss .sbss.* .gnu.linkonce.sb.*)
 .sbss.errno    0x00000000f010849c        0x4 /home/luis/tools/riscv/riscv32-unknown-elf/lib/libc_nano.a(lib_a-reent.o)
                0x00000000f010849c                errno
 .sbss._global_atexit
                0x00000000f01084a0        0x4 /home/luis/tools/riscv/riscv32-unknown-elf/lib/libc_nano.a(lib_a-__call_atexit.o)
                0x00000000f01084a0                _global_atexit
 .sbss.__malloc_free_list
                0x00000000f01084a4        0x4 /home/luis/tools/riscv/riscv32-unknown-elf/lib/libc_nano.a(lib_a-nano-mallocr.o)
                0x00000000f01084a4                __malloc_free_list
 .sbss.__malloc_sbrk_start
                0x00000000f01084a8        0x4 /home/luis/tools/riscv/riscv32-unknown-elf/lib/libc_nano.a(lib_a-nano-mallocr.o)
                0x00000000f01084a8                __malloc_sbrk_start
 *(.scommon)

.bss            0x00000000f01084ac       0x98
 *(.dynbss)
 *(.bss .bss.* .gnu.linkonce.b.*)
 .bss           0x00000000f01084ac        0x0 /tmp/ccnvJOfw.o
 .bss           0x00000000f01084ac        0x0 /tmp/cceb0BYz.o
 .bss           0x00000000f01084ac        0x0 /tmp/cch2pXIU.ltrans0.ltrans.o
 .bss.dma_cb    0x00000000f01084ac        0xc /tmp/cch2pXIU.ltrans0.ltrans.o
 .bss           0x00000000f01084b8        0x0 /home/luis/tools/riscv/riscv32-unknown-elf/lib/libc_nano.a(lib_a-atexit.o)
 .bss           0x00000000f01084b8        0x0 /home/luis/tools/riscv/riscv32-unknown-elf/lib/libc_nano.a(lib_a-exit.o)
 .bss           0x00000000f01084b8        0x0 /home/luis/tools/riscv/riscv32-unknown-elf/lib/libc_nano.a(lib_a-fini.o)
 .bss           0x00000000f01084b8        0x0 /home/luis/tools/riscv/riscv32-unknown-elf/lib/libc_nano.a(lib_a-impure.o)
 .bss           0x00000000f01084b8        0x0 /home/luis/tools/riscv/riscv32-unknown-elf/lib/libc_nano.a(lib_a-init.o)
 .bss           0x00000000f01084b8        0x0 /home/luis/tools/riscv/riscv32-unknown-elf/lib/libc_nano.a(lib_a-memset.o)
 .bss           0x00000000f01084b8        0x0 /home/luis/tools/riscv/riscv32-unknown-elf/lib/libc_nano.a(lib_a-puts.o)
 .bss           0x00000000f01084b8        0x0 /home/luis/tools/riscv/riscv32-unknown-elf/lib/libc_nano.a(lib_a-reent.o)
 .bss           0x00000000f01084b8        0x0 /home/luis/tools/riscv/riscv32-unknown-elf/lib/libc_nano.a(lib_a-wbuf.o)
 .bss           0x00000000f01084b8        0x0 /home/luis/tools/riscv/riscv32-unknown-elf/lib/libc_nano.a(lib_a-wsetup.o)
 .bss           0x00000000f01084b8        0x0 /home/luis/tools/riscv/riscv32-unknown-elf/lib/libc_nano.a(lib_a-__atexit.o)
 .bss._global_atexit0
                0x00000000f01084b8       0x8c /home/luis/tools/riscv/riscv32-unknown-elf/lib/libc_nano.a(lib_a-__atexit.o)
 .bss           0x00000000f0108544        0x0 /home/luis/tools/riscv/riscv32-unknown-elf/lib/libc_nano.a(lib_a-__call_atexit.o)
 .bss           0x00000000f0108544        0x0 /home/luis/tools/riscv/riscv32-unknown-elf/lib/libc_nano.a(lib_a-fflush.o)
 .bss           0x00000000f0108544        0x0 /home/luis/tools/riscv/riscv32-unknown-elf/lib/libc_nano.a(lib_a-findfp.o)
 .bss           0x00000000f0108544        0x0 /home/luis/tools/riscv/riscv32-unknown-elf/lib/libc_nano.a(lib_a-fwalk.o)
 .bss           0x00000000f0108544        0x0 /home/luis/tools/riscv/riscv32-unknown-elf/lib/libc_nano.a(lib_a-makebuf.o)
 .bss           0x00000000f0108544        0x0 /home/luis/tools/riscv/riscv32-unknown-elf/lib/libc_nano.a(lib_a-nano-freer.o)
 .bss           0x00000000f0108544        0x0 /home/luis/tools/riscv/riscv32-unknown-elf/lib/libc_nano.a(lib_a-nano-mallocr.o)
 .bss           0x00000000f0108544        0x0 /home/luis/tools/riscv/riscv32-unknown-elf/lib/libc_nano.a(lib_a-sbrkr.o)
 .bss           0x00000000f0108544        0x0 /home/luis/tools/riscv/riscv32-unknown-elf/lib/libc_nano.a(lib_a-stdio.o)
 .bss           0x00000000f0108544        0x0 /home/luis/tools/riscv/riscv32-unknown-elf/lib/libc_nano.a(lib_a-writer.o)
 .bss           0x00000000f0108544        0x0 /home/luis/tools/riscv/riscv32-unknown-elf/lib/libc_nano.a(lib_a-closer.o)
 .bss           0x00000000f0108544        0x0 /home/luis/tools/riscv/riscv32-unknown-elf/lib/libc_nano.a(lib_a-fstatr.o)
 .bss           0x00000000f0108544        0x0 /home/luis/tools/riscv/riscv32-unknown-elf/lib/libc_nano.a(lib_a-isattyr.o)
 .bss           0x00000000f0108544        0x0 /home/luis/tools/riscv/riscv32-unknown-elf/lib/libc_nano.a(lib_a-lseekr.o)
 .bss           0x00000000f0108544        0x0 /home/luis/tools/riscv/riscv32-unknown-elf/lib/libc_nano.a(lib_a-mlock.o)
 .bss           0x00000000f0108544        0x0 /home/luis/tools/riscv/riscv32-unknown-elf/lib/libc_nano.a(lib_a-readr.o)
 .bss           0x00000000f0108544        0x0 /home/luis/tools/riscv/riscv32-unknown-elf/lib/libc_nano.a(lib_a-memcpy-asm.o)
 .bss           0x00000000f0108544        0x0 /home/luis/tools/riscv/riscv32-unknown-elf/lib/libc_nano.a(lib_a-printf.o)
 .bss           0x00000000f0108544        0x0 /home/luis/tools/riscv/riscv32-unknown-elf/lib/libc_nano.a(lib_a-nano-vfprintf.o)
 .bss           0x00000000f0108544        0x0 /home/luis/tools/riscv/riscv32-unknown-elf/lib/libc_nano.a(lib_a-fvwrite.o)
 .bss           0x00000000f0108544        0x0 /home/luis/tools/riscv/riscv32-unknown-elf/lib/libc_nano.a(lib_a-memchr.o)
 .bss           0x00000000f0108544        0x0 /home/luis/tools/riscv/riscv32-unknown-elf/lib/libc_nano.a(lib_a-memmove.o)
 .bss           0x00000000f0108544        0x0 /home/luis/tools/riscv/riscv32-unknown-elf/lib/libc_nano.a(lib_a-nano-reallocr.o)
 .bss           0x00000000f0108544        0x0 /home/luis/tools/riscv/riscv32-unknown-elf/lib/libc_nano.a(lib_a-nano-vfprintf_i.o)
 .bss           0x00000000f0108544        0x0 /home/luis/tools/riscv/riscv32-unknown-elf/lib/libc_nano.a(lib_a-nano-msizer.o)
 .bss           0x00000000f0108544        0x0 /home/luis/tools/riscv/lib/gcc/riscv32-unknown-elf/11.1.0/libgcc.a(_divdi3.o)
 .bss           0x00000000f0108544        0x0 /home/luis/tools/riscv/lib/gcc/riscv32-unknown-elf/11.1.0/libgcc.a(_udivdi3.o)
 .bss           0x00000000f0108544        0x0 /home/luis/tools/riscv/lib/gcc/riscv32-unknown-elf/11.1.0/libgcc.a(_clz.o)
 .bss           0x00000000f0108544        0x0 CMakeFiles/main.elf.dir/applications/TMR_Safe_CPU/main.c.obj
 *(COMMON)
                0x00000000f0108544                . = ALIGN ((. != 0x0)?0x4:0x1)
                0x00000000f0108544                . = ALIGN (0x4)
                0x00000000f0108544                . = SEGMENT_START ("ldata-segment", .)
                0x00000000f0108544                . = ALIGN (0x4)
                0x00000000f0108544                __BSS_END__ = .
                0x00000000f0108544                __bss_end = .
                0x00000000f0108c2c                __global_pointer$ = MIN ((__SDATA_BEGIN__ + 0x800), MAX ((__DATA_BEGIN__ + 0x800), (__BSS_END__ - 0x800)))
                0x00000000f0108544                _end = .
                [!provide]                        PROVIDE (end = .)
                0x00000000f0108544                . = DATA_SEGMENT_END (.)

.heap           0x00000000f0108544      0x800
                0x00000000f0108544                PROVIDE (__heap_start = .)
                0x0000000000000800                . = __heap_size
 *fill*         0x00000000f0108544      0x800 
                0x00000000f0108d44                PROVIDE (__heap_end = .)

.stack          0x00000000f0108d50      0x800
                [!provide]                        PROVIDE (__stack_start = .)
                0x0000000000000800                . = __stack_size
 *fill*         0x00000000f0108d50      0x800 
                0x00000000f0109550                PROVIDE (_sp = .)
                [!provide]                        PROVIDE (__stack_end = .)
                [!provide]                        PROVIDE (__freertos_irq_stack_top = .)

.stab
 *(.stab)

.stabstr
 *(.stabstr)

.stab.excl
 *(.stab.excl)

.stab.exclstr
 *(.stab.exclstr)

.stab.index
 *(.stab.index)

.stab.indexstr
 *(.stab.indexstr)

.comment        0x0000000000000000       0x12
 *(.comment)
 .comment       0x0000000000000000       0x13 /tmp/cch2pXIU.ltrans0.ltrans.o
 .comment       0x0000000000000000       0x13 /tmp/ccPR1s31.debug.temp.o
 .comment       0x0000000000000000       0x13 /tmp/ccf1eyCs.debug.temp.o
 .comment       0x0000000000000000       0x13 /tmp/ccgshkaI.debug.temp.o
 .comment       0x0000000000000000       0x13 /tmp/cc3MbZPw.debug.temp.o
 .comment       0x0000000000000000       0x13 /tmp/cc9M5OIP.debug.temp.o
 .comment       0x0000000000000000       0x13 /tmp/ccqWACYW.debug.temp.o
 .comment       0x0000000000000000       0x13 /tmp/cc0yieSl.debug.temp.o
 .comment       0x0000000000000000       0x13 /tmp/ccflk2dy.debug.temp.o
 .comment       0x0000000000000000       0x13 /tmp/ccCGVBvU.debug.temp.o
 .comment       0x0000000000000000       0x13 /tmp/cccKt0cO.debug.temp.o
 .comment       0x0000000000000000       0x13 /tmp/ccfdP905.debug.temp.o
 .comment       0x0000000000000000       0x13 /tmp/ccTCAaj2.debug.temp.o
 .comment       0x0000000000000000       0x13 /tmp/ccxhhKgo.debug.temp.o
 .comment       0x0000000000000000       0x13 /tmp/cctDrfJF.debug.temp.o
 .comment       0x0000000000000000       0x13 /tmp/ccsnAgmQ.debug.temp.o
 .comment       0x0000000000000000       0x13 /tmp/ccS0MxeV.debug.temp.o
 .comment       0x0000000000000000       0x13 /tmp/cccUKSTA.debug.temp.o
 .comment       0x0000000000000000       0x13 /tmp/ccuOzGY1.debug.temp.o
 .comment       0x0000000000000000       0x13 /tmp/ccfLZQcb.debug.temp.o
 .comment       0x0000000000000000       0x13 /tmp/cck3pZNV.debug.temp.o
 .comment       0x0000000000000000       0x13 /tmp/ccRmL2AN.debug.temp.o
 .comment       0x0000000000000000       0x12 /home/luis/tools/riscv/riscv32-unknown-elf/lib/libc_nano.a(lib_a-atexit.o)
                                         0x13 (size before relaxing)
 .comment       0x0000000000000012       0x13 /home/luis/tools/riscv/riscv32-unknown-elf/lib/libc_nano.a(lib_a-exit.o)
 .comment       0x0000000000000012       0x13 /home/luis/tools/riscv/riscv32-unknown-elf/lib/libc_nano.a(lib_a-fini.o)
 .comment       0x0000000000000012       0x13 /home/luis/tools/riscv/riscv32-unknown-elf/lib/libc_nano.a(lib_a-impure.o)
 .comment       0x0000000000000012       0x13 /home/luis/tools/riscv/riscv32-unknown-elf/lib/libc_nano.a(lib_a-init.o)
 .comment       0x0000000000000012       0x13 /home/luis/tools/riscv/riscv32-unknown-elf/lib/libc_nano.a(lib_a-puts.o)
 .comment       0x0000000000000012       0x13 /home/luis/tools/riscv/riscv32-unknown-elf/lib/libc_nano.a(lib_a-reent.o)
 .comment       0x0000000000000012       0x13 /home/luis/tools/riscv/riscv32-unknown-elf/lib/libc_nano.a(lib_a-wbuf.o)
 .comment       0x0000000000000012       0x13 /home/luis/tools/riscv/riscv32-unknown-elf/lib/libc_nano.a(lib_a-wsetup.o)
 .comment       0x0000000000000012       0x13 /home/luis/tools/riscv/riscv32-unknown-elf/lib/libc_nano.a(lib_a-__atexit.o)
 .comment       0x0000000000000012       0x13 /home/luis/tools/riscv/riscv32-unknown-elf/lib/libc_nano.a(lib_a-__call_atexit.o)
 .comment       0x0000000000000012       0x13 /home/luis/tools/riscv/riscv32-unknown-elf/lib/libc_nano.a(lib_a-fflush.o)
 .comment       0x0000000000000012       0x13 /home/luis/tools/riscv/riscv32-unknown-elf/lib/libc_nano.a(lib_a-findfp.o)
 .comment       0x0000000000000012       0x13 /home/luis/tools/riscv/riscv32-unknown-elf/lib/libc_nano.a(lib_a-fwalk.o)
 .comment       0x0000000000000012       0x13 /home/luis/tools/riscv/riscv32-unknown-elf/lib/libc_nano.a(lib_a-makebuf.o)
 .comment       0x0000000000000012       0x13 /home/luis/tools/riscv/riscv32-unknown-elf/lib/libc_nano.a(lib_a-nano-freer.o)
 .comment       0x0000000000000012       0x13 /home/luis/tools/riscv/riscv32-unknown-elf/lib/libc_nano.a(lib_a-nano-mallocr.o)
 .comment       0x0000000000000012       0x13 /home/luis/tools/riscv/riscv32-unknown-elf/lib/libc_nano.a(lib_a-sbrkr.o)
 .comment       0x0000000000000012       0x13 /home/luis/tools/riscv/riscv32-unknown-elf/lib/libc_nano.a(lib_a-stdio.o)
 .comment       0x0000000000000012       0x13 /home/luis/tools/riscv/riscv32-unknown-elf/lib/libc_nano.a(lib_a-writer.o)
 .comment       0x0000000000000012       0x13 /home/luis/tools/riscv/riscv32-unknown-elf/lib/libc_nano.a(lib_a-closer.o)
 .comment       0x0000000000000012       0x13 /home/luis/tools/riscv/riscv32-unknown-elf/lib/libc_nano.a(lib_a-fstatr.o)
 .comment       0x0000000000000012       0x13 /home/luis/tools/riscv/riscv32-unknown-elf/lib/libc_nano.a(lib_a-isattyr.o)
 .comment       0x0000000000000012       0x13 /home/luis/tools/riscv/riscv32-unknown-elf/lib/libc_nano.a(lib_a-lseekr.o)
 .comment       0x0000000000000012       0x13 /home/luis/tools/riscv/riscv32-unknown-elf/lib/libc_nano.a(lib_a-mlock.o)
 .comment       0x0000000000000012       0x13 /home/luis/tools/riscv/riscv32-unknown-elf/lib/libc_nano.a(lib_a-readr.o)
 .comment       0x0000000000000012       0x13 /home/luis/tools/riscv/riscv32-unknown-elf/lib/libc_nano.a(lib_a-printf.o)
 .comment       0x0000000000000012       0x13 /home/luis/tools/riscv/riscv32-unknown-elf/lib/libc_nano.a(lib_a-nano-vfprintf.o)
 .comment       0x0000000000000012       0x13 /home/luis/tools/riscv/riscv32-unknown-elf/lib/libc_nano.a(lib_a-fvwrite.o)
 .comment       0x0000000000000012       0x13 /home/luis/tools/riscv/riscv32-unknown-elf/lib/libc_nano.a(lib_a-memchr.o)
 .comment       0x0000000000000012       0x13 /home/luis/tools/riscv/riscv32-unknown-elf/lib/libc_nano.a(lib_a-nano-reallocr.o)
 .comment       0x0000000000000012       0x13 /home/luis/tools/riscv/riscv32-unknown-elf/lib/libc_nano.a(lib_a-nano-vfprintf_i.o)
 .comment       0x0000000000000012       0x13 /home/luis/tools/riscv/riscv32-unknown-elf/lib/libc_nano.a(lib_a-nano-msizer.o)
 .comment       0x0000000000000012       0x13 /home/luis/tools/riscv/lib/gcc/riscv32-unknown-elf/11.1.0/libgcc.a(_divdi3.o)
 .comment       0x0000000000000012       0x13 /home/luis/tools/riscv/lib/gcc/riscv32-unknown-elf/11.1.0/libgcc.a(_udivdi3.o)
 .comment       0x0000000000000012       0x13 /home/luis/tools/riscv/lib/gcc/riscv32-unknown-elf/11.1.0/libgcc.a(_clz.o)
 .comment       0x0000000000000012       0x13 CMakeFiles/main.elf.dir/applications/TMR_Safe_CPU/main.c.obj

.riscv.attributes
                0x0000000000000000       0x2f
 .riscv.attributes
                0x0000000000000000       0x2d /tmp/ccnvJOfw.o
 .riscv.attributes
                0x000000000000002d       0x2d /tmp/cceb0BYz.o
 .riscv.attributes
                0x000000000000005a       0x2f /tmp/cch2pXIU.ltrans0.ltrans.o
 .riscv.attributes
                0x0000000000000089       0x26 /home/luis/tools/riscv/riscv32-unknown-elf/lib/libc_nano.a(lib_a-atexit.o)
 .riscv.attributes
                0x00000000000000af       0x26 /home/luis/tools/riscv/riscv32-unknown-elf/lib/libc_nano.a(lib_a-exit.o)
 .riscv.attributes
                0x00000000000000d5       0x26 /home/luis/tools/riscv/riscv32-unknown-elf/lib/libc_nano.a(lib_a-fini.o)
 .riscv.attributes
                0x00000000000000fb       0x26 /home/luis/tools/riscv/riscv32-unknown-elf/lib/libc_nano.a(lib_a-impure.o)
 .riscv.attributes
                0x0000000000000121       0x26 /home/luis/tools/riscv/riscv32-unknown-elf/lib/libc_nano.a(lib_a-init.o)
 .riscv.attributes
                0x0000000000000147       0x24 /home/luis/tools/riscv/riscv32-unknown-elf/lib/libc_nano.a(lib_a-memset.o)
 .riscv.attributes
                0x000000000000016b       0x26 /home/luis/tools/riscv/riscv32-unknown-elf/lib/libc_nano.a(lib_a-puts.o)
 .riscv.attributes
                0x0000000000000191       0x26 /home/luis/tools/riscv/riscv32-unknown-elf/lib/libc_nano.a(lib_a-reent.o)
 .riscv.attributes
                0x00000000000001b7       0x26 /home/luis/tools/riscv/riscv32-unknown-elf/lib/libc_nano.a(lib_a-wbuf.o)
 .riscv.attributes
                0x00000000000001dd       0x26 /home/luis/tools/riscv/riscv32-unknown-elf/lib/libc_nano.a(lib_a-wsetup.o)
 .riscv.attributes
                0x0000000000000203       0x26 /home/luis/tools/riscv/riscv32-unknown-elf/lib/libc_nano.a(lib_a-__atexit.o)
 .riscv.attributes
                0x0000000000000229       0x26 /home/luis/tools/riscv/riscv32-unknown-elf/lib/libc_nano.a(lib_a-__call_atexit.o)
 .riscv.attributes
                0x000000000000024f       0x26 /home/luis/tools/riscv/riscv32-unknown-elf/lib/libc_nano.a(lib_a-fflush.o)
 .riscv.attributes
                0x0000000000000275       0x26 /home/luis/tools/riscv/riscv32-unknown-elf/lib/libc_nano.a(lib_a-findfp.o)
 .riscv.attributes
                0x000000000000029b       0x26 /home/luis/tools/riscv/riscv32-unknown-elf/lib/libc_nano.a(lib_a-fwalk.o)
 .riscv.attributes
                0x00000000000002c1       0x26 /home/luis/tools/riscv/riscv32-unknown-elf/lib/libc_nano.a(lib_a-makebuf.o)
 .riscv.attributes
                0x00000000000002e7       0x26 /home/luis/tools/riscv/riscv32-unknown-elf/lib/libc_nano.a(lib_a-nano-freer.o)
 .riscv.attributes
                0x000000000000030d       0x26 /home/luis/tools/riscv/riscv32-unknown-elf/lib/libc_nano.a(lib_a-nano-mallocr.o)
 .riscv.attributes
                0x0000000000000333       0x26 /home/luis/tools/riscv/riscv32-unknown-elf/lib/libc_nano.a(lib_a-sbrkr.o)
 .riscv.attributes
                0x0000000000000359       0x26 /home/luis/tools/riscv/riscv32-unknown-elf/lib/libc_nano.a(lib_a-stdio.o)
 .riscv.attributes
                0x000000000000037f       0x26 /home/luis/tools/riscv/riscv32-unknown-elf/lib/libc_nano.a(lib_a-writer.o)
 .riscv.attributes
                0x00000000000003a5       0x26 /home/luis/tools/riscv/riscv32-unknown-elf/lib/libc_nano.a(lib_a-closer.o)
 .riscv.attributes
                0x00000000000003cb       0x26 /home/luis/tools/riscv/riscv32-unknown-elf/lib/libc_nano.a(lib_a-fstatr.o)
 .riscv.attributes
                0x00000000000003f1       0x26 /home/luis/tools/riscv/riscv32-unknown-elf/lib/libc_nano.a(lib_a-isattyr.o)
 .riscv.attributes
                0x0000000000000417       0x26 /home/luis/tools/riscv/riscv32-unknown-elf/lib/libc_nano.a(lib_a-lseekr.o)
 .riscv.attributes
                0x000000000000043d       0x26 /home/luis/tools/riscv/riscv32-unknown-elf/lib/libc_nano.a(lib_a-mlock.o)
 .riscv.attributes
                0x0000000000000463       0x26 /home/luis/tools/riscv/riscv32-unknown-elf/lib/libc_nano.a(lib_a-readr.o)
 .riscv.attributes
                0x0000000000000489       0x24 /home/luis/tools/riscv/riscv32-unknown-elf/lib/libc_nano.a(lib_a-memcpy-asm.o)
 .riscv.attributes
                0x00000000000004ad       0x26 /home/luis/tools/riscv/riscv32-unknown-elf/lib/libc_nano.a(lib_a-printf.o)
 .riscv.attributes
                0x00000000000004d3       0x26 /home/luis/tools/riscv/riscv32-unknown-elf/lib/libc_nano.a(lib_a-nano-vfprintf.o)
 .riscv.attributes
                0x00000000000004f9       0x26 /home/luis/tools/riscv/riscv32-unknown-elf/lib/libc_nano.a(lib_a-fvwrite.o)
 .riscv.attributes
                0x000000000000051f       0x26 /home/luis/tools/riscv/riscv32-unknown-elf/lib/libc_nano.a(lib_a-memchr.o)
 .riscv.attributes
                0x0000000000000545       0x24 /home/luis/tools/riscv/riscv32-unknown-elf/lib/libc_nano.a(lib_a-memmove.o)
 .riscv.attributes
                0x0000000000000569       0x26 /home/luis/tools/riscv/riscv32-unknown-elf/lib/libc_nano.a(lib_a-nano-reallocr.o)
 .riscv.attributes
                0x000000000000058f       0x26 /home/luis/tools/riscv/riscv32-unknown-elf/lib/libc_nano.a(lib_a-nano-vfprintf_i.o)
 .riscv.attributes
                0x00000000000005b5       0x26 /home/luis/tools/riscv/riscv32-unknown-elf/lib/libc_nano.a(lib_a-nano-msizer.o)
 .riscv.attributes
                0x00000000000005db       0x26 /home/luis/tools/riscv/lib/gcc/riscv32-unknown-elf/11.1.0/libgcc.a(_divdi3.o)
 .riscv.attributes
                0x0000000000000601       0x26 /home/luis/tools/riscv/lib/gcc/riscv32-unknown-elf/11.1.0/libgcc.a(_udivdi3.o)
 .riscv.attributes
                0x0000000000000627       0x26 /home/luis/tools/riscv/lib/gcc/riscv32-unknown-elf/11.1.0/libgcc.a(_clz.o)
 .riscv.attributes
                0x000000000000064d       0x2f CMakeFiles/main.elf.dir/applications/TMR_Safe_CPU/main.c.obj

.debug
 *(.debug)

.line
 *(.line)

.debug_srcinfo
 *(.debug_srcinfo)

.debug_sfnames
 *(.debug_sfnames)

.debug_aranges  0x0000000000000000      0x1c8
 *(.debug_aranges)
 .debug_aranges
                0x0000000000000000       0x20 /tmp/ccnvJOfw.o
 .debug_aranges
                0x0000000000000020       0x28 /tmp/cceb0BYz.o
 .debug_aranges
                0x0000000000000048      0x108 /tmp/cch2pXIU.ltrans0.ltrans.o
 .debug_aranges
                0x0000000000000150       0x20 /home/luis/tools/riscv/lib/gcc/riscv32-unknown-elf/11.1.0/libgcc.a(_divdi3.o)
 .debug_aranges
                0x0000000000000170       0x20 /home/luis/tools/riscv/lib/gcc/riscv32-unknown-elf/11.1.0/libgcc.a(_udivdi3.o)
 .debug_aranges
                0x0000000000000190       0x18 /home/luis/tools/riscv/lib/gcc/riscv32-unknown-elf/11.1.0/libgcc.a(_clz.o)
 .debug_aranges
                0x00000000000001a8       0x20 CMakeFiles/main.elf.dir/applications/TMR_Safe_CPU/main.c.obj

.debug_pubnames
 *(.debug_pubnames)

.debug_info     0x0000000000000000     0x9a90
 *(.debug_info .gnu.linkonce.wi.*)
 .debug_info    0x0000000000000000       0x25 /tmp/ccnvJOfw.o
 .debug_info    0x0000000000000025       0x23 /tmp/cceb0BYz.o
 .debug_info    0x0000000000000048      0xa72 /tmp/cch2pXIU.ltrans0.ltrans.o
 .debug_info    0x0000000000000aba       0xe8 /tmp/ccPR1s31.debug.temp.o
                0x0000000000000aba                CB_Safety.c.c3aebed8
 .debug_info    0x0000000000000ba2     0x16f4 /tmp/ccf1eyCs.debug.temp.o
                0x0000000000000ba2                w25q.c.c0afe9b0
 .debug_info    0x0000000000002296      0x230 /tmp/ccgshkaI.debug.temp.o
                0x0000000000002296                bitfield.c.740dfb9d
 .debug_info    0x00000000000024c6      0x14c /tmp/cc3MbZPw.debug.temp.o
                0x00000000000024c6                memory.c.2d569869
 .debug_info    0x0000000000002612      0x695 /tmp/cc9M5OIP.debug.temp.o
                0x0000000000002612                mmio.c.65b2f025
 .debug_info    0x0000000000002ca7      0x792 /tmp/ccqWACYW.debug.temp.o
                0x0000000000002ca7                dma.c.3287bf65
 .debug_info    0x0000000000003439      0x346 /tmp/cc0yieSl.debug.temp.o
                0x0000000000003439                fast_intr_ctrl.c.9281ad4c
 .debug_info    0x000000000000377f      0x896 /tmp/ccflk2dy.debug.temp.o
                0x000000000000377f                gpio.c.d357a58a
 .debug_info    0x0000000000004015      0xb72 /tmp/ccCGVBvU.debug.temp.o
                0x0000000000004015                i2c.c.37a69419
 .debug_info    0x0000000000004b87      0x38a /tmp/cccKt0cO.debug.temp.o
                0x0000000000004b87                i2s.c.b7ad1dbd
 .debug_info    0x0000000000004f11      0x1ee /tmp/ccfdP905.debug.temp.o
                0x0000000000004f11                pad_control.c.c3cd890b
 .debug_info    0x00000000000050ff      0x929 /tmp/ccTCAaj2.debug.temp.o
                0x00000000000050ff                power_manager.c.c5d2e90b
 .debug_info    0x0000000000005a28      0x8fb /tmp/ccxhhKgo.debug.temp.o
                0x0000000000005a28                rv_plic.c.f5602b4b
 .debug_info    0x0000000000006323      0x8c0 /tmp/cctDrfJF.debug.temp.o
                0x0000000000006323                rv_timer.c.ac88c10c
 .debug_info    0x0000000000006be3      0x246 /tmp/ccsnAgmQ.debug.temp.o
                0x0000000000006be3                soc_ctrl.c.53168ee7
 .debug_info    0x0000000000006e29      0x629 /tmp/ccS0MxeV.debug.temp.o
                0x0000000000006e29                spi_host.c.e9d48dcf
 .debug_info    0x0000000000007452      0x520 /tmp/cccUKSTA.debug.temp.o
                0x0000000000007452                uart.c.be088079
 .debug_info    0x0000000000007972       0x94 /tmp/ccuOzGY1.debug.temp.o
                0x0000000000007972                core_v_mini_mcu.c.9323649e
 .debug_info    0x0000000000007a06      0x24c /tmp/ccfLZQcb.debug.temp.o
                0x0000000000007a06                handler.c.f4eb2ecf
 .debug_info    0x0000000000007c52       0x32 /tmp/cck3pZNV.debug.temp.o
                0x0000000000007c52                init.c.bfeb63dc
 .debug_info    0x0000000000007c84      0xb52 /tmp/ccRmL2AN.debug.temp.o
                0x0000000000007c84                syscalls.c.e156dec8
 .debug_info    0x00000000000087d6      0x793 /home/luis/tools/riscv/lib/gcc/riscv32-unknown-elf/11.1.0/libgcc.a(_divdi3.o)
 .debug_info    0x0000000000008f69      0x761 /home/luis/tools/riscv/lib/gcc/riscv32-unknown-elf/11.1.0/libgcc.a(_udivdi3.o)
 .debug_info    0x00000000000096ca       0xd8 /home/luis/tools/riscv/lib/gcc/riscv32-unknown-elf/11.1.0/libgcc.a(_clz.o)
 .debug_info    0x00000000000097a2      0x2ee CMakeFiles/main.elf.dir/applications/TMR_Safe_CPU/main.c.obj

.debug_abbrev   0x0000000000000000     0x22f5
 *(.debug_abbrev)
 .debug_abbrev  0x0000000000000000       0x14 /tmp/ccnvJOfw.o
 .debug_abbrev  0x0000000000000014       0x12 /tmp/cceb0BYz.o
 .debug_abbrev  0x0000000000000026      0x12a /tmp/cch2pXIU.ltrans0.ltrans.o
 .debug_abbrev  0x0000000000000150       0xda /tmp/ccPR1s31.debug.temp.o
 .debug_abbrev  0x000000000000022a      0x31e /tmp/ccf1eyCs.debug.temp.o
 .debug_abbrev  0x0000000000000548       0xb8 /tmp/ccgshkaI.debug.temp.o
 .debug_abbrev  0x0000000000000600       0xc8 /tmp/cc3MbZPw.debug.temp.o
 .debug_abbrev  0x00000000000006c8      0x160 /tmp/cc9M5OIP.debug.temp.o
 .debug_abbrev  0x0000000000000828      0x1c5 /tmp/ccqWACYW.debug.temp.o
 .debug_abbrev  0x00000000000009ed      0x10e /tmp/cc0yieSl.debug.temp.o
 .debug_abbrev  0x0000000000000afb      0x1eb /tmp/ccflk2dy.debug.temp.o
 .debug_abbrev  0x0000000000000ce6      0x209 /tmp/ccCGVBvU.debug.temp.o
 .debug_abbrev  0x0000000000000eef      0x13d /tmp/cccKt0cO.debug.temp.o
 .debug_abbrev  0x000000000000102c       0xbc /tmp/ccfdP905.debug.temp.o
 .debug_abbrev  0x00000000000010e8      0x189 /tmp/ccTCAaj2.debug.temp.o
 .debug_abbrev  0x0000000000001271      0x274 /tmp/ccxhhKgo.debug.temp.o
 .debug_abbrev  0x00000000000014e5      0x1a0 /tmp/cctDrfJF.debug.temp.o
 .debug_abbrev  0x0000000000001685       0xbc /tmp/ccsnAgmQ.debug.temp.o
 .debug_abbrev  0x0000000000001741      0x12b /tmp/ccS0MxeV.debug.temp.o
 .debug_abbrev  0x000000000000186c      0x13c /tmp/cccUKSTA.debug.temp.o
 .debug_abbrev  0x00000000000019a8       0x62 /tmp/ccuOzGY1.debug.temp.o
 .debug_abbrev  0x0000000000001a0a      0x105 /tmp/ccfLZQcb.debug.temp.o
 .debug_abbrev  0x0000000000001b0f       0x2c /tmp/cck3pZNV.debug.temp.o
 .debug_abbrev  0x0000000000001b3b      0x25d /tmp/ccRmL2AN.debug.temp.o
 .debug_abbrev  0x0000000000001d98      0x1bf /home/luis/tools/riscv/lib/gcc/riscv32-unknown-elf/11.1.0/libgcc.a(_divdi3.o)
 .debug_abbrev  0x0000000000001f57      0x1a6 /home/luis/tools/riscv/lib/gcc/riscv32-unknown-elf/11.1.0/libgcc.a(_udivdi3.o)
 .debug_abbrev  0x00000000000020fd       0x70 /home/luis/tools/riscv/lib/gcc/riscv32-unknown-elf/11.1.0/libgcc.a(_clz.o)
 .debug_abbrev  0x000000000000216d      0x188 CMakeFiles/main.elf.dir/applications/TMR_Safe_CPU/main.c.obj

.debug_line     0x0000000000000000     0x3026
 *(.debug_line .debug_line.* .debug_line_end)
 .debug_line    0x0000000000000000       0xd4 /tmp/ccnvJOfw.o
 .debug_line    0x00000000000000d4      0x289 /tmp/cceb0BYz.o
 .debug_line    0x000000000000035d     0x122e /tmp/cch2pXIU.ltrans0.ltrans.o
 .debug_line    0x000000000000158b       0x3f /tmp/ccPR1s31.debug.temp.o
 .debug_line    0x00000000000015ca       0x84 /tmp/ccf1eyCs.debug.temp.o
 .debug_line    0x000000000000164e       0x43 /tmp/ccgshkaI.debug.temp.o
 .debug_line    0x0000000000001691       0x51 /tmp/cc3MbZPw.debug.temp.o
 .debug_line    0x00000000000016e2       0x5b /tmp/cc9M5OIP.debug.temp.o
 .debug_line    0x000000000000173d       0x56 /tmp/ccqWACYW.debug.temp.o
 .debug_line    0x0000000000001793       0x56 /tmp/cc0yieSl.debug.temp.o
 .debug_line    0x00000000000017e9       0x56 /tmp/ccflk2dy.debug.temp.o
 .debug_line    0x000000000000183f       0x5f /tmp/ccCGVBvU.debug.temp.o
 .debug_line    0x000000000000189e       0x56 /tmp/cccKt0cO.debug.temp.o
 .debug_line    0x00000000000018f4       0x5a /tmp/ccfdP905.debug.temp.o
 .debug_line    0x000000000000194e       0x5f /tmp/ccTCAaj2.debug.temp.o
 .debug_line    0x00000000000019ad       0xa3 /tmp/ccxhhKgo.debug.temp.o
 .debug_line    0x0000000000001a50       0x5f /tmp/cctDrfJF.debug.temp.o
 .debug_line    0x0000000000001aaf       0x5a /tmp/ccsnAgmQ.debug.temp.o
 .debug_line    0x0000000000001b09       0x5f /tmp/ccS0MxeV.debug.temp.o
 .debug_line    0x0000000000001b68       0x68 /tmp/cccUKSTA.debug.temp.o
 .debug_line    0x0000000000001bd0       0x43 /tmp/ccuOzGY1.debug.temp.o
 .debug_line    0x0000000000001c13       0x4d /tmp/ccfLZQcb.debug.temp.o
 .debug_line    0x0000000000001c60       0x3a /tmp/cck3pZNV.debug.temp.o
 .debug_line    0x0000000000001c9a       0x9d /tmp/ccRmL2AN.debug.temp.o
 .debug_line    0x0000000000001d37      0x7ca /home/luis/tools/riscv/lib/gcc/riscv32-unknown-elf/11.1.0/libgcc.a(_divdi3.o)
 .debug_line    0x0000000000002501      0x727 /home/luis/tools/riscv/lib/gcc/riscv32-unknown-elf/11.1.0/libgcc.a(_udivdi3.o)
 .debug_line    0x0000000000002c28       0x3f /home/luis/tools/riscv/lib/gcc/riscv32-unknown-elf/11.1.0/libgcc.a(_clz.o)
 .debug_line    0x0000000000002c67      0x3bf CMakeFiles/main.elf.dir/applications/TMR_Safe_CPU/main.c.obj

.debug_frame    0x0000000000000000      0x758
 *(.debug_frame)
 .debug_frame   0x0000000000000000      0x730 /tmp/cch2pXIU.ltrans0.ltrans.o
 .debug_frame   0x0000000000000730       0x28 CMakeFiles/main.elf.dir/applications/TMR_Safe_CPU/main.c.obj

.debug_str      0x0000000000000000     0x444f
 *(.debug_str)
 .debug_str     0x0000000000000000       0x53 /tmp/ccnvJOfw.o
 .debug_str     0x0000000000000053        0xa /tmp/cceb0BYz.o
                                         0x56 (size before relaxing)
 .debug_str     0x000000000000005d      0x15a /tmp/cch2pXIU.ltrans0.ltrans.o
                                        0x161 (size before relaxing)
 .debug_str     0x00000000000001b7       0xdb /tmp/ccPR1s31.debug.temp.o
                                        0x14c (size before relaxing)
 .debug_str     0x0000000000000292      0xdd3 /tmp/ccf1eyCs.debug.temp.o
                                        0xfb7 (size before relaxing)
 .debug_str     0x0000000000001065       0x81 /tmp/ccgshkaI.debug.temp.o
                                        0x27f (size before relaxing)
 .debug_str     0x00000000000010e6       0x25 /tmp/cc3MbZPw.debug.temp.o
                                        0x14d (size before relaxing)
 .debug_str     0x000000000000110b      0x240 /tmp/cc9M5OIP.debug.temp.o
                                        0x4ac (size before relaxing)
 .debug_str     0x000000000000134b      0x255 /tmp/ccqWACYW.debug.temp.o
                                        0x8b3 (size before relaxing)
 .debug_str     0x00000000000015a0      0x3f4 /tmp/cc0yieSl.debug.temp.o
                                        0x5da (size before relaxing)
 .debug_str     0x0000000000001994      0x6cf /tmp/ccflk2dy.debug.temp.o
                                        0x84e (size before relaxing)
 .debug_str     0x0000000000002063      0x7aa /tmp/ccCGVBvU.debug.temp.o
                                        0xa7b (size before relaxing)
 .debug_str     0x000000000000280d      0x21d /tmp/cccKt0cO.debug.temp.o
                                        0x42e (size before relaxing)
 .debug_str     0x0000000000002a2a       0xa3 /tmp/ccfdP905.debug.temp.o
                                        0x225 (size before relaxing)
 .debug_str     0x0000000000002acd      0x4ad /tmp/ccTCAaj2.debug.temp.o
                                        0x73f (size before relaxing)
 .debug_str     0x0000000000002f7a      0x5f8 /tmp/ccxhhKgo.debug.temp.o
                                        0x816 (size before relaxing)
 .debug_str     0x0000000000003572      0x421 /tmp/cctDrfJF.debug.temp.o
                                        0x734 (size before relaxing)
 .debug_str     0x0000000000003993       0xaa /tmp/ccsnAgmQ.debug.temp.o
                                        0x263 (size before relaxing)
 .debug_str     0x0000000000003a3d      0x13d /tmp/ccS0MxeV.debug.temp.o
                                        0x488 (size before relaxing)
 .debug_str     0x0000000000003b7a      0x151 /tmp/cccUKSTA.debug.temp.o
                                        0x3dd (size before relaxing)
 .debug_str     0x0000000000003ccb       0x2f /tmp/ccuOzGY1.debug.temp.o
                                        0x136 (size before relaxing)
 .debug_str     0x0000000000003cfa      0x132 /tmp/ccfLZQcb.debug.temp.o
                                        0x268 (size before relaxing)
 .debug_str     0x0000000000003e2c      0x132 /tmp/cck3pZNV.debug.temp.o
                                         0x7f (size before relaxing)
 .debug_str     0x0000000000003e2c      0x2b6 /tmp/ccRmL2AN.debug.temp.o
                                        0x778 (size before relaxing)
 .debug_str     0x00000000000040e2      0x193 /home/luis/tools/riscv/lib/gcc/riscv32-unknown-elf/11.1.0/libgcc.a(_divdi3.o)
                                        0x248 (size before relaxing)
 .debug_str     0x0000000000004275      0x249 /home/luis/tools/riscv/lib/gcc/riscv32-unknown-elf/11.1.0/libgcc.a(_udivdi3.o)
 .debug_str     0x0000000000004275       0xb1 /home/luis/tools/riscv/lib/gcc/riscv32-unknown-elf/11.1.0/libgcc.a(_clz.o)
                                        0x196 (size before relaxing)
 .debug_str     0x0000000000004326      0x129 CMakeFiles/main.elf.dir/applications/TMR_Safe_CPU/main.c.obj
                                        0x173 (size before relaxing)

.debug_loc
 *(.debug_loc)

.debug_macinfo
 *(.debug_macinfo)

.debug_weaknames
 *(.debug_weaknames)

.debug_funcnames
 *(.debug_funcnames)

.debug_typenames
 *(.debug_typenames)

.debug_varnames
 *(.debug_varnames)

.debug_pubtypes
 *(.debug_pubtypes)

.debug_ranges
 *(.debug_ranges)

.debug_macro
 *(.debug_macro)

.debug_addr
 *(.debug_addr)

.gnu.attributes
 *(.gnu.attributes)

/DISCARD/
 *(.note.GNU-stack)
 *(.gnu_debuglink)
 *(.gnu.lto_*)
OUTPUT(main.elf elf32-littleriscv)

.debug_line_str
                0x0000000000000000     0x1147
 .debug_line_str
                0x0000000000000000       0x53 /tmp/ccnvJOfw.o
                                         0xa6 (size before relaxing)
 .debug_line_str
                0x0000000000000053        0xa /tmp/cceb0BYz.o
                                         0xac (size before relaxing)
 .debug_line_str
                0x000000000000005d      0x2b2 /tmp/cch2pXIU.ltrans0.ltrans.o
                                        0x3f1 (size before relaxing)
 .debug_line_str
                0x000000000000030f       0x5b /tmp/ccPR1s31.debug.temp.o
                                        0x102 (size before relaxing)
 .debug_line_str
                0x000000000000036a      0x1d1 /tmp/ccf1eyCs.debug.temp.o
                                        0x32f (size before relaxing)
 .debug_line_str
                0x000000000000053b       0x55 /tmp/ccgshkaI.debug.temp.o
                                        0x14a (size before relaxing)
 .debug_line_str
                0x0000000000000590       0x5c /tmp/cc3MbZPw.debug.temp.o
                                        0x19a (size before relaxing)
 .debug_line_str
                0x00000000000005ec       0x51 /tmp/cc9M5OIP.debug.temp.o
                                        0x1a8 (size before relaxing)
 .debug_line_str
                0x000000000000063d       0x5e /tmp/ccqWACYW.debug.temp.o
                                        0x1b6 (size before relaxing)
 .debug_line_str
                0x000000000000069b       0xf3 /tmp/cc0yieSl.debug.temp.o
                                        0x1f9 (size before relaxing)
 .debug_line_str
                0x000000000000078e       0x6f /tmp/ccflk2dy.debug.temp.o
                                        0x1bd (size before relaxing)
 .debug_line_str
                0x00000000000007fd       0x5d /tmp/ccCGVBvU.debug.temp.o
                                        0x1fb (size before relaxing)
 .debug_line_str
                0x000000000000085a       0xbc /tmp/cccKt0cO.debug.temp.o
                                        0x1b7 (size before relaxing)
 .debug_line_str
                0x0000000000000916       0xce /tmp/ccfdP905.debug.temp.o
                                        0x218 (size before relaxing)
 .debug_line_str
                0x00000000000009e4       0xd6 /tmp/ccTCAaj2.debug.temp.o
                                        0x22d (size before relaxing)
 .debug_line_str
                0x0000000000000aba       0x98 /tmp/ccxhhKgo.debug.temp.o
                                        0x495 (size before relaxing)
 .debug_line_str
                0x0000000000000b52       0xc2 /tmp/cctDrfJF.debug.temp.o
                                        0x214 (size before relaxing)
 .debug_line_str
                0x0000000000000c14       0x6c /tmp/ccsnAgmQ.debug.temp.o
                                        0x209 (size before relaxing)
 .debug_line_str
                0x0000000000000c80       0x61 /tmp/ccS0MxeV.debug.temp.o
                                        0x214 (size before relaxing)
 .debug_line_str
                0x0000000000000ce1       0x59 /tmp/cccUKSTA.debug.temp.o
                                        0x255 (size before relaxing)
 .debug_line_str
                0x0000000000000d3a       0x5f /tmp/ccuOzGY1.debug.temp.o
                                        0x15e (size before relaxing)
 .debug_line_str
                0x0000000000000d99       0x61 /tmp/ccfLZQcb.debug.temp.o
                                        0x163 (size before relaxing)
 .debug_line_str
                0x0000000000000dfa       0x54 /tmp/cck3pZNV.debug.temp.o
                                         0xe8 (size before relaxing)
 .debug_line_str
                0x0000000000000e4e      0x10c /tmp/ccRmL2AN.debug.temp.o
                                        0x32c (size before relaxing)
 .debug_line_str
                0x0000000000000f5a       0xa3 /home/luis/tools/riscv/lib/gcc/riscv32-unknown-elf/11.1.0/libgcc.a(_divdi3.o)
                                        0x12a (size before relaxing)
 .debug_line_str
                0x0000000000000ffd      0x12a /home/luis/tools/riscv/lib/gcc/riscv32-unknown-elf/11.1.0/libgcc.a(_udivdi3.o)
 .debug_line_str
                0x0000000000000ffd      0x12a /home/luis/tools/riscv/lib/gcc/riscv32-unknown-elf/11.1.0/libgcc.a(_clz.o)
 .debug_line_str
                0x0000000000000ffd      0x14a CMakeFiles/main.elf.dir/applications/TMR_Safe_CPU/main.c.obj
                                        0x1ec (size before relaxing)

.debug_rnglists
                0x0000000000000000      0x424
 .debug_rnglists
                0x0000000000000000       0x1b /tmp/cceb0BYz.o
 .debug_rnglists
                0x000000000000001b      0x1b3 /tmp/cch2pXIU.ltrans0.ltrans.o
 .debug_rnglists
                0x00000000000001ce       0xf6 /home/luis/tools/riscv/lib/gcc/riscv32-unknown-elf/11.1.0/libgcc.a(_divdi3.o)
 .debug_rnglists
                0x00000000000002c4      0x111 /home/luis/tools/riscv/lib/gcc/riscv32-unknown-elf/11.1.0/libgcc.a(_udivdi3.o)
 .debug_rnglists
                0x00000000000003d5       0x4f CMakeFiles/main.elf.dir/applications/TMR_Safe_CPU/main.c.obj

.debug_loclists
                0x0000000000000000     0x197e
 .debug_loclists
                0x0000000000000000      0x54e /tmp/cch2pXIU.ltrans0.ltrans.o
 .debug_loclists
                0x000000000000054e      0x88e /home/luis/tools/riscv/lib/gcc/riscv32-unknown-elf/11.1.0/libgcc.a(_divdi3.o)
 .debug_loclists
                0x0000000000000ddc      0xa99 /home/luis/tools/riscv/lib/gcc/riscv32-unknown-elf/11.1.0/libgcc.a(_udivdi3.o)
 .debug_loclists
                0x0000000000001875      0x109 CMakeFiles/main.elf.dir/applications/TMR_Safe_CPU/main.c.obj
